[demo.acosmin.com/themes/justwrite/index.html]
[backblue.gif]
[fade.gif]
[index.html]
[demo.acosmin.com/themes/justwrite/wp-includes/js/jquery/jqueryb8ff.js]
[demo.acosmin.com/themes/justwrite/comments/feed/index.html]
[demo.acosmin.com/themes/justwrite/wp-includes/js/jquery/jquery-migrate.min330a.js]
[demo.acosmin.com/themes/justwrite/wp-content/themes/justwrite/assets/js/owl.carousel.min001e.js]
[demo.acosmin.com/themes/justwrite/wp-content/themes/justwrite/assets/js/html53088.js]
[demo.acosmin.com/themes/justwrite/xmlrpc0db0.php]
[demo.acosmin.com/themes/justwrite/wp-json/index.html]
[demo.acosmin.com/themes/justwrite/wp-includes/wlwmanifest.xml]
[demo.acosmin.com/themes/justwrite/wp-content/uploads/2015/10/house_of_cards_frank_underwood_kevin_spacey_102090_3840x2160.jpg]
[demo.acosmin.com/themes/justwrite/new-simple-page-for-you/index.html]
[demo.acosmin.com/themes/justwrite/wp-content/uploads/2015/10/4792_house_of_cards.jpg]
[demo.acosmin.com/themes/justwrite/new-full-width-simple-page/index.html]
[demo.acosmin.com/themes/justwrite/wp-content/uploads/2015/10/162H.jpg]
[demo.acosmin.com/themes/justwrite/typography-and-headings-go-so-well-together-all-the-time/index.html]
[demo.acosmin.com/themes/justwrite/wp-content/uploads/2015/10/b0dd9ca3feba25e12b22c64de894f37f_large.e.delayed]
[demo.acosmin.com/themes/justwrite/widgetized-index/index.html]
[demo.acosmin.com/themes/justwrite/slider-1/index.html]
[demo.acosmin.com/themes/justwrite/wp-content/uploads/2015/10/FVfrkDb.jpg]
[demo.acosmin.com/themes/justwrite/masonry-1/index.html]
[demo.acosmin.com/themes/justwrite/wp-content/uploads/2015/10/controller-pad-afternoon-xbox.jpg]
[demo.acosmin.com/themes/justwrite/masonry-2/index.html]
[demo.acosmin.com/themes/justwrite/wp-content/uploads/2015/10/photo-1422479516648-9b1f0b6e8da8-638x368.jpg]
[demo.acosmin.com/themes/justwrite/categories-2-columns/index.html]
[demo.acosmin.com/themes/justwrite/wp-content/uploads/2015/10/Apple-Sport-Watch-Black-On-Mans-Wrist-In-An-Office-638x368.jpg]
[demo.acosmin.com/themes/justwrite/categories-3-columns/index.html]
[demo.acosmin.com/themes/justwrite/advertisng/index.html]
[demo.acosmin.com/themes/justwrite/categories-4-columns/index.html]
[demo.acosmin.com/themes/justwrite/wp-content/uploads/2015/10/heisenberg1-638x368.jpg]
[demo.acosmin.com/themes/justwrite/wp-content/uploads/2015/10/maxresdefault-638x368.jpg]
[demo.acosmin.com/themes/justwrite/archives/index.html]
[demo.acosmin.com/themes/justwrite/social-profiles/index.html]
[demo.acosmin.com/themes/justwrite/wp-content/uploads/2015/10/obama-best-638x368.jpg]
[demo.acosmin.com/themes/justwrite/popular-posts/index.html]
[demo.acosmin.com/themes/justwrite/fonts-1/index.html]
[demo.acosmin.com/themes/justwrite/wp-content/uploads/2015/10/walking-dead1-638x368.jpg]
[demo.acosmin.com/themes/justwrite/fonts-2/index.html]
[demo.acosmin.com/themes/justwrite/wp-content/uploads/2015/10/photo-1442406964439-e46ab8eff7c4-638x368.jpg]
[demo.acosmin.com/themes/justwrite/fonts-3/index.html]
[demo.acosmin.com/themes/justwrite/wp-content/uploads/2015/10/controller-pad-afternoon-xbox-638x368.jpg]
[demo.acosmin.com/themes/justwrite/fonts-4/index.html]
[demo.acosmin.com/themes/justwrite/fonts-5-default/index.html]
[demo.acosmin.com/themes/justwrite/wp-content/uploads/2015/10/9_70.jpg]
[demo.acosmin.com/themes/justwrite/wp-content/uploads/2015/10/city-man-person-people-638x368.jpg]
[demo.acosmin.com/themes/justwrite/fonts-6/index.html]
[demo.acosmin.com/themes/justwrite/wp-content/uploads/2015/10/rwhfxb-638x368.jpg]
[demo.acosmin.com/themes/justwrite/fonts-7/index.html]
[demo.acosmin.com/themes/justwrite/fonts-8/index.html]
[demo.acosmin.com/themes/justwrite/fonts-9/index.html]
[demo.acosmin.com/themes/justwrite/wp-content/uploads/2015/10/4792_house_of_cards-638x368.jpg]
[demo.acosmin.com/themes/justwrite/page-preloader/index.html]
[demo.acosmin.com/themes/justwrite/loading-1/index.html]
[demo.acosmin.com/themes/justwrite/wp-content/uploads/2015/10/city-cars-traffic-lights-638x368.jpg]
[demo.acosmin.com/themes/justwrite/wp-content/uploads/2015/10/bald-eagle-977811-638x368.jpg]
[demo.acosmin.com/themes/justwrite/balls-spinner/index.html]
[demo.acosmin.com/themes/justwrite/wp-content/uploads/2015/10/bar-926256_1920-638x368.jpg]
[demo.acosmin.com/themes/justwrite/ball-puls/index.html]
[demo.acosmin.com/themes/justwrite/wp-content/uploads/2015/10/bdfb-638x368.jpg]
[demo.acosmin.com/themes/justwrite/ball-beat/index.html]
[demo.acosmin.com/themes/justwrite/background-image/index.html]
[demo.acosmin.com/themes/justwrite/wp-content/uploads/2015/10/bmw-918407_1920-638x368.jpg]
[demo.acosmin.com/themes/justwrite/centered-description/index.html]
[demo.acosmin.com/themes/justwrite/align-left-2/index.html]
[demo.acosmin.com/themes/justwrite/wp-content/uploads/2015/10/2013_crysis_3-wide-638x368.jpg]
[demo.acosmin.com/themes/justwrite/image-logo/index.html]
[demo.acosmin.com/themes/justwrite/wp-content/uploads/2015/10/asfz-638x368.jpg]
[demo.acosmin.com/themes/justwrite/728x90px-ad/index.html]
[demo.acosmin.com/themes/justwrite/wp-content/uploads/2015/10/3765c625-1400x933-638x368.jpg]
[demo.acosmin.com/themes/justwrite/featured-posts-slider/index.html]
[demo.acosmin.com/themes/justwrite/align-left/index.html]
[demo.acosmin.com/themes/justwrite/wp-content/uploads/2015/10/7_28.jpg]
[demo.acosmin.com/themes/justwrite/no-thumbnail/index.html]
[demo.acosmin.com/themes/justwrite/wp-content/uploads/2015/10/1_60.jpg]
[demo.acosmin.com/themes/justwrite/wp-content/uploads/2015/10/house_of_cards_frank_underwood_kevin_spacey_102090_3840x2160-515x300.jpg]
[demo.acosmin.com/themes/justwrite/morphing-point/index.html]
[demo.acosmin.com/themes/justwrite/mini-sidebar/index.html]
[demo.acosmin.com/themes/justwrite/wp-content/uploads/2015/10/4792_house_of_cards-515x300.jpg]
[demo.acosmin.com/themes/justwrite/fixed-menu/index.html]
[demo.acosmin.com/themes/justwrite/footer-widgets/index.html]
[demo.acosmin.com/themes/justwrite/wp-content/uploads/2015/10/162H-515x300.jpg]
[demo.acosmin.com/themes/justwrite/customizer-post/index.html]
[demo.acosmin.com/themes/justwrite/index/index.html]
[demo.acosmin.com/themes/justwrite/wp-content/uploads/2015/10/b0dd9ca3feba25e12b22c64de894f37f_large-515x300.jpg]
[demo.acosmin.com/themes/justwrite/this-is-a-post-with-a-normal-layout-selected-as-default/index.html]
[demo.acosmin.com/themes/justwrite/category/business/index.html]
[demo.acosmin.com/themes/justwrite/this-is-a-post-with-a-billboard-layout-selected-as-default/index.html]
[demo.acosmin.com/themes/justwrite/wp-content/uploads/2015/10/FVfrkDb-515x300.jpg]
[demo.acosmin.com/themes/justwrite/html-tags-forms-inputs-and-formatting-examples/index.html]
[demo.acosmin.com/themes/justwrite/wp-content/uploads/2015/10/controller-pad-afternoon-xbox-600x400.jpg]
[demo.acosmin.com/themes/justwrite/category/travel/index.html]
[demo.acosmin.com/themes/justwrite/new-section-widgets-in-a-1-2-3-paginated-post/index.html]
[demo.acosmin.com/themes/justwrite/category/politics/index.html]
[demo.acosmin.com/themes/justwrite/wp-content/uploads/2015/10/photo-1422479516648-9b1f0b6e8da8-600x400.jpg]
[demo.acosmin.com/themes/justwrite/wp-content/uploads/2015/10/Apple-Sport-Watch-Black-On-Mans-Wrist-In-An-Office-600x400.jpg]
[demo.acosmin.com/themes/justwrite/floating-images-and-alignment-showcase-is-here/index.html]
[demo.acosmin.com/themes/justwrite/category/technology/index.html]
[demo.acosmin.com/themes/justwrite/nested-comments-all-around-us-examples/index.html]
[demo.acosmin.com/themes/justwrite/wp-content/uploads/2015/10/heisenberg1-600x400.jpg]
[demo.acosmin.com/themes/justwrite/category/entertainment/index.html]
[demo.acosmin.com/themes/justwrite/boehner-hypercuts-himself-on-isis-comments/index.html]
[demo.acosmin.com/themes/justwrite/wp-content/uploads/2015/10/maxresdefault-600x400.jpg]
[demo.acosmin.com/themes/justwrite/nintendo-second-quarter-profit-dips-plans/index.html]
[demo.acosmin.com/themes/justwrite/wp-content/uploads/2015/10/house_of_cards_frank_underwood_kevin_spacey_102090_3840x2160-638x368.jpg]
[demo.acosmin.com/themes/justwrite/category/testing/index.html]
[demo.acosmin.com/themes/justwrite/wp-content/uploads/2015/10/162H-638x368.jpg]
[demo.acosmin.com/themes/justwrite/bombardier-to-book-writedowns-get-cash-from-quebec/index.html]
[demo.acosmin.com/themes/justwrite/wp-content/uploads/2015/10/3_00.jpg]
[demo.acosmin.com/themes/justwrite/category/imperial/index.html]
[demo.acosmin.com/themes/justwrite/wp-content/uploads/2015/10/1_25.jpg]
[demo.acosmin.com/themes/justwrite/bain-capital-to-sell-or-list-clutch-maker-fte/index.html]
[demo.acosmin.com/themes/justwrite/category/masters/index.html]
[demo.acosmin.com/themes/justwrite/walgreens-cant-assess-divestitures-needed-more/index.html]
[demo.acosmin.com/themes/justwrite/category/tv-series/index.html]
[demo.acosmin.com/themes/justwrite/wp-content/themes/justwrite/assets/js/imagesloaded.min3a79.js]
[demo.acosmin.com/themes/justwrite/category/opinions/index.html]
[platform.twitter.com/widgets.js]
[demo.acosmin.com/themes/justwrite/wp-includes/js/masonry.min0226.js]
[demo.acosmin.com/themes/justwrite/death-and-guns-in-the-usa-the-story-in-six-graphs/index.html]
[demo.acosmin.com/themes/justwrite/category/opinions/feed/index.html]
[demo.acosmin.com/themes/justwrite/wp-includes/js/jquery/jquery.masonry.min0226.js]
[demo.acosmin.com/themes/justwrite/author/demoadmin/index.html]
[demo.acosmin.com/themes/justwrite/first-on-cnn-doj-closes-irs-investigation-with/index.html]
[demo.acosmin.com/themes/justwrite/category/business/feed/index.html]
[demo.acosmin.com/themes/justwrite/wp-content/themes/justwrite/assets/js/jquery.fitvids4963.js]
[demo.acosmin.com/themes/justwrite/behind-the-scenes-with-the-commander-of-special-ops/index.html]
[demo.acosmin.com/themes/justwrite/army-captain-tackled-suicide-bomber/index.html]
[demo.acosmin.com/themes/justwrite/wp-content/themes/justwrite/assets/js/menu-dropdownb493.js]
[demo.acosmin.com/themes/justwrite/china-says-it-warned-tracked-u-s-warship/index.html]
[demo.acosmin.com/themes/justwrite/wp-content/themes/justwrite/assets/js/slider9d8e.js]
[demo.acosmin.com/themes/justwrite/category/markets/index.html]
[demo.acosmin.com/themes/justwrite/donald-trump-vs-the-republican-establishment/index.html]
[demo.acosmin.com/themes/justwrite/category/markets/feed/index.html]
[demo.acosmin.com/themes/justwrite/wp-content/themes/justwrite/assets/js/myscripts0ba6.js]
[demo.acosmin.com/themes/justwrite/can-the-republican-debate-save-carly-fiorina/index.html]
[demo.acosmin.com/themes/justwrite/inside-the-navys-most-lethal-warship/index.html]
[demo.acosmin.com/themes/justwrite/category/politics/feed/index.html]
[demo.acosmin.com/themes/justwrite/wp-includes/js/wp-embed.mine539.js]
[demo.acosmin.com/themes/justwrite/index.html]
[demo.acosmin.com/themes/justwrite/netanyahu-on-iran-deal-lets-look-forward/index.html]
[demo.acosmin.com/themes/justwrite/xmlrpc.php]
[demo.acosmin.com/themes/justwrite/heres-why-the-tpp-is-such-a-big-deal/index.html]
[demo.acosmin.com/themes/justwrite/category/technology/feed/index.html]
[demo.acosmin.com/themes/justwrite/epa-boss-climate-change-could-kill-thousands/index.html]
[demo.acosmin.com/themes/justwrite/category/entertainment/feed/index.html]
[demo.acosmin.com/themes/justwrite/newspaper-to-rubio-show-up-or-resign/index.html]
[demo.acosmin.com/themes/justwrite/hastert-pleads-guilty-to-lying-to-investigators/index.html]
[demo.acosmin.com/themes/justwrite/wp-content/themes/justwrite/owl.video.play.png]
[demo.acosmin.com/themes/justwrite/wp-content/themes/justwrite/styled5f7.css]
[demo.acosmin.com/themes/justwrite/category/travel/feed/index.html]
[demo.acosmin.com/themes/justwrite/icahn-takes-stake-in-aig-calls-for-breakup/index.html]
[demo.acosmin.com/themes/justwrite/officer-fired-after-violent-classroom-arrest/index.html]
[demo.acosmin.com/themes/justwrite/category/sports/feed/index.html]
[demo.acosmin.com/themes/justwrite/category/sports/index.html]
[demo.acosmin.com/themes/justwrite/apple-defies-china-slowdown-with-strong-iphone/index.html]
[demo.acosmin.com/themes/justwrite/wp-content/themes/justwrite/assets/icons/fonts/fontawesome-webfont93e3.eot]
[demo.acosmin.com/themes/justwrite/wp-content/themes/justwrite/assets/icons/fonts/fontawesome-webfontd41d.eot]
[demo.acosmin.com/themes/justwrite/miners-with-lung-disease-get-help-at-china-facility/index.html]
[demo.acosmin.com/themes/justwrite/wp-content/themes/justwrite/assets/icons/fonts/fontawesome-webfont93e3.woff2]
[demo.acosmin.com/themes/justwrite/primaries-keep-gop-from-winning-white-house/index.html]
[demo.acosmin.com/themes/justwrite/category/weather/index.html]
[demo.acosmin.com/themes/justwrite/wp-content/themes/justwrite/assets/icons/fonts/fontawesome-webfont93e3.woff]
[demo.acosmin.com/themes/justwrite/category/weather/feed/index.html]
[demo.acosmin.com/themes/justwrite/wp-content/themes/justwrite/assets/icons/fonts/fontawesome-webfont93e3.ttf]
[demo.acosmin.com/themes/justwrite/fed-statement-awaited-apple-energy-stocks-shine/index.html]
[demo.acosmin.com/themes/justwrite/wp-content/themes/justwrite/assets/icons/css/font-awesome.min474a.css]
[demo.acosmin.com/themes/justwrite/white-house-urges-congress-to-finalize-cyber-bill/index.html]
[demo.acosmin.com/themes/justwrite/wp-content/themes/justwrite/assets/css/font-style5.css]
[demo.acosmin.com/themes/justwrite/budget-deal-cuts-10-year-deficits-by-80-billion/index.html]
[demo.acosmin.com/themes/justwrite/2015/10/index.html]
[demo.acosmin.com/themes/justwrite/2015/09/index.html]
[demo.acosmin.com/themes/justwrite/2015/08/index.html]
[demo.acosmin.com/themes/justwrite/wp-json/oembed/1.0/embed1f6b.json]
[demo.acosmin.com/themes/justwrite/2015/07/index.html]
[demo.acosmin.com/themes/justwrite/2015/06/index.html]
[demo.acosmin.com/themes/justwrite/wp-json/oembed/1.0/embed09b8]
[demo.acosmin.com/themes/justwrite/2015/05/index.html]
[demo.acosmin.com/themes/justwrite/new-simple-page-for-you/index.html]
[demo.acosmin.com/themes/justwrite/2015/04/index.html]
[demo.acosmin.com/themes/justwrite/2015/03/index.html]
[demo.acosmin.com/themes/justwrite/2015/02/index.html]
[demo.acosmin.com/themes/justwrite/2015/01/index.html]
[demo.acosmin.com/themes/justwrite/wp-json/oembed/1.0/embed8015.json]
[demo.acosmin.com/themes/justwrite/2013/11/index.html]
[demo.acosmin.com/themes/justwrite/2013/08/index.html]
[demo.acosmin.com/themes/justwrite/page/2/index.html]
[demo.acosmin.com/themes/justwrite/wp-json/oembed/1.0/embed0c4d]
[demo.acosmin.com/themes/justwrite/page/11/index.html]
[demo.acosmin.com/themes/justwrite/tag/align/index.html]
[demo.acosmin.com/themes/justwrite/tag/allthesame/index.html]
[demo.acosmin.com/themes/justwrite/wp-content/uploads/2015/10/person-apple-laptop-notebook.jpg]
[demo.acosmin.com/themes/justwrite/tag/asdf/index.html]
[demo.acosmin.com/themes/justwrite/tag/ashjd/index.html]
[demo.acosmin.com/themes/justwrite/wp-content/uploads/2015/10/person-apple-laptop-notebook-300x173.jpg]
[demo.acosmin.com/themes/justwrite/tag/asv/index.html]
[demo.acosmin.com/themes/justwrite/new-full-width-simple-page/index.html]
[demo.acosmin.com/themes/justwrite/tag/cards/index.html]
[demo.acosmin.com/themes/justwrite/tag/cbnsa-jfsa-ifuiew/index.html]
[demo.acosmin.com/themes/justwrite/tag/cia/index.html]
[demo.acosmin.com/themes/justwrite/wp-json/oembed/1.0/embed7f9a.json]
[demo.acosmin.com/themes/justwrite/tag/comment/index.html]
[demo.acosmin.com/themes/justwrite/tag/comments/index.html]
[demo.acosmin.com/themes/justwrite/tag/example/index.html]
[demo.acosmin.com/themes/justwrite/wp-json/oembed/1.0/embedddc8]
[demo.acosmin.com/themes/justwrite/tag/facebook/index.html]
[demo.acosmin.com/themes/justwrite/tag/fame/index.html]
[demo.acosmin.com/themes/justwrite/tag/famous/index.html]
[connect.facebook.net/en_US/all.4d.delayed]
[demo.acosmin.com/themes/justwrite/tag/fans/index.html]
[demo.acosmin.com/themes/justwrite/tag/fgds/index.html]
[demo.acosmin.com/themes/justwrite/tag/fihre/index.html]
[apis.google.com/js/platform.js]
[demo.acosmin.com/themes/justwrite/tag/fsa/index.html]
[demo.acosmin.com/themes/justwrite/tag/fsia/index.html]
[demo.acosmin.com/themes/justwrite/wp-content/uploads/2015/10/controller-pad-afternoon-xbox-210x140.jpg]
[demo.acosmin.com/themes/justwrite/tag/gre-rjek-poiqw/index.html]
[demo.acosmin.com/themes/justwrite/tag/hatag/index.html]
[demo.acosmin.com/themes/justwrite/wp-content/uploads/2015/10/photo-1422479516648-9b1f0b6e8da8-210x140.jpg]
[demo.acosmin.com/themes/justwrite/tag/homeland/index.html]
[demo.acosmin.com/themes/justwrite/wp-content/uploads/2015/10/Apple-Sport-Watch-Black-On-Mans-Wrist-In-An-Office-210x140.jpg]
[demo.acosmin.com/themes/justwrite/tag/house/index.html]
[demo.acosmin.com/themes/justwrite/tag/images/index.html]
[demo.acosmin.com/themes/justwrite/wp-includes/js/comment-reply.mine539.js]
[demo.acosmin.com/themes/justwrite/typography-and-headings-go-so-well-together-all-the-time/index.html]
[demo.acosmin.com/themes/justwrite/tag/interested/index.html]
[demo.acosmin.com/themes/justwrite/tag/internet/index.html]
[demo.acosmin.com/themes/justwrite/tag/jhf/index.html]
[demo.acosmin.com/themes/justwrite/tag/jkfs/index.html]
[demo.acosmin.com/themes/justwrite/tag/jkjsa/index.html]
[demo.acosmin.com/themes/justwrite/wp-json/oembed/1.0/embedcb01.json]
[demo.acosmin.com/themes/justwrite/tag/jklfsa/index.html]
[demo.acosmin.com/themes/justwrite/wp-json/oembed/1.0/embedea73]
[demo.acosmin.com/themes/justwrite/tag/kjdh/index.html]
[demo.acosmin.com/themes/justwrite/tag/nested/index.html]
[demo.acosmin.com/themes/justwrite/wp-content/uploads/2015/10/walking-dead1-600x400.jpg]
[demo.acosmin.com/themes/justwrite/tag/newz/index.html]
[demo.acosmin.com/themes/justwrite/widgetized-index/index.html]
[demo.acosmin.com/themes/justwrite/tag/opre/index.html]
[demo.acosmin.com/themes/justwrite/tag/nsa/index.html]
[demo.acosmin.com/themes/justwrite/tag/owq/index.html]
[demo.acosmin.com/themes/justwrite/wp-json/oembed/1.0/embed0b0f.json]
[demo.acosmin.com/themes/justwrite/tag/print/index.html]
[demo.acosmin.com/themes/justwrite/tag/saf/index.html]
[demo.acosmin.com/themes/justwrite/wp-json/oembed/1.0/embed1674]
[demo.acosmin.com/themes/justwrite/slider-1/index.html]
[demo.acosmin.com/themes/justwrite/tag/snuggly/index.html]
[demo.acosmin.com/themes/justwrite/tag/tagging/index.html]
[demo.acosmin.com/themes/justwrite/tag/tester/index.html]
[demo.acosmin.com/themes/justwrite/tag/taggster/index.html]
[demo.acosmin.com/themes/justwrite/tag/taglines/index.html]
[demo.acosmin.com/themes/justwrite/tag/teszi/index.html]
[demo.acosmin.com/themes/justwrite/wp-json/oembed/1.0/embedd0e1.json]
[demo.acosmin.com/themes/justwrite/2015/index.html]
[demo.acosmin.com/themes/justwrite/wp-json/oembed/1.0/embedc422]
[demo.acosmin.com/themes/justwrite/2013/index.html]
[demo.acosmin.com/themes/justwrite/2013/07/index.html]
[demo.acosmin.com/themes/justwrite/wp-content/uploads/2015/10/controller-pad-afternoon-xbox-600x347.jpg]
[demo.acosmin.com/themes/justwrite/2013/06/index.html]
[demo.acosmin.com/themes/justwrite/2013/05/index.html]
[demo.acosmin.com/themes/justwrite/wp-content/uploads/2015/10/photo-1422479516648-9b1f0b6e8da8-600x347.jpg]
[demo.acosmin.com/themes/justwrite/2013/04/index.html]
[demo.acosmin.com/themes/justwrite/2013/03/index.html]
[demo.acosmin.com/themes/justwrite/wp-content/uploads/2015/10/Apple-Sport-Watch-Black-On-Mans-Wrist-In-An-Office-600x347.jpg]
[demo.acosmin.com/themes/justwrite/2013/02/index.html]
[demo.acosmin.com/themes/justwrite/2013/01/index.html]
[demo.acosmin.com/themes/justwrite/wp-content/uploads/2015/10/heisenberg1-600x347.jpg]
[demo.acosmin.com/themes/justwrite/2012/index.html]
[demo.acosmin.com/themes/justwrite/wp-content/uploads/2015/10/maxresdefault-600x347.jpg]
[demo.acosmin.com/themes/justwrite/2012/10/index.html]
[demo.acosmin.com/themes/justwrite/wp-content/uploads/2015/10/walking-dead1-600x347.jpg]
[demo.acosmin.com/themes/justwrite/2012/11/index.html]
[demo.acosmin.com/themes/justwrite/2012/09/index.html]
[demo.acosmin.com/themes/justwrite/wp-content/uploads/2015/10/house_of_cards_frank_underwood_kevin_spacey_102090_3840x2160-600x347.jpg]
[demo.acosmin.com/themes/justwrite/2012/07/index.html]
[demo.acosmin.com/themes/justwrite/2012/05/index.html]
[demo.acosmin.com/themes/justwrite/wp-content/uploads/2015/10/4792_house_of_cards-600x347.jpg]
[demo.acosmin.com/themes/justwrite/2012/04/index.html]
[demo.acosmin.com/themes/justwrite/2012/03/index.html]
[demo.acosmin.com/themes/justwrite/wp-content/uploads/2015/10/162H-600x347.jpg]
[demo.acosmin.com/themes/justwrite/2012/02/index.html]
[demo.acosmin.com/themes/justwrite/wp-content/uploads/2015/10/2013_crysis_3-wide-600x347.jpg]
[demo.acosmin.com/themes/justwrite/2012/01/index.html]
[demo.acosmin.com/themes/justwrite/masonry-1/index.html]
[demo.acosmin.com/themes/justwrite/2011/index.html]
[demo.acosmin.com/themes/justwrite/2011/11/index.html]
[demo.acosmin.com/themes/justwrite/2011/10/index.html]
[demo.acosmin.com/themes/justwrite/wp-json/oembed/1.0/embed6646.json]
[demo.acosmin.com/themes/justwrite/2011/09/index.html]
[demo.acosmin.com/themes/justwrite/2011/06/index.html]
[demo.acosmin.com/themes/justwrite/wp-json/oembed/1.0/embed8676]
[demo.acosmin.com/themes/justwrite/2011/05/index.html]
[demo.acosmin.com/themes/justwrite/2011/04/index.html]
[demo.acosmin.com/themes/justwrite/wp-content/uploads/2015/10/b0dd9ca3feba25e12b22c64de894f37f_large-638x368.jpg]
[demo.acosmin.com/themes/justwrite/2011/03/index.html]
[demo.acosmin.com/themes/justwrite/2011/02/index.html]
[demo.acosmin.com/themes/justwrite/2011/01/index.html]
[demo.acosmin.com/themes/justwrite/wp-content/uploads/2015/10/FVfrkDb-638x368.jpg]
[demo.acosmin.com/themes/justwrite/2010/index.html]
[demo.acosmin.com/themes/justwrite/masonry-2/index.html]
[demo.acosmin.com/themes/justwrite/2010/11/index.html]
[demo.acosmin.com/themes/justwrite/2010/10/index.html]
[demo.acosmin.com/themes/justwrite/2010/09/index.html]
[demo.acosmin.com/themes/justwrite/2010/08/index.html]
[demo.acosmin.com/themes/justwrite/2010/07/index.html]
[demo.acosmin.com/themes/justwrite/wp-json/oembed/1.0/embed782a.json]
[demo.acosmin.com/themes/justwrite/2010/06/index.html]
[demo.acosmin.com/themes/justwrite/2010/04/index.html]
[demo.acosmin.com/themes/justwrite/2010/03/index.html]
[demo.acosmin.com/themes/justwrite/wp-json/oembed/1.0/embed7222]
[demo.acosmin.com/themes/justwrite/categories-2-columns/index.html]
[demo.acosmin.com/themes/justwrite/2010/02/index.html]
[demo.acosmin.com/themes/justwrite/2010/01/index.html]
[demo.acosmin.com/themes/justwrite/typography-and-headings-go-so-well-together-all-the-time/feed/index.html]
[demo.acosmin.com/themes/justwrite/wp-json/oembed/1.0/embed1868.json]
[demo.acosmin.com/themes/justwrite/widgetized-index/page/2/index.html]
[demo.acosmin.com/themes/justwrite/widgetized-index/page/9/index.html]
[demo.acosmin.com/themes/justwrite/slider-1/page/2/index.html]
[demo.acosmin.com/themes/justwrite/wp-json/oembed/1.0/embed7767]
[demo.acosmin.com/themes/justwrite/wp-content/uploads/2015/10/rwqgx-638x368.jpg]
[demo.acosmin.com/themes/justwrite/slider-1/page/9/index.html]
[demo.acosmin.com/themes/justwrite/masonry-1/page/2/index.html]
[demo.acosmin.com/themes/justwrite/masonry-1/page/9/index.html]
[demo.acosmin.com/themes/justwrite/wp-content/uploads/2015/10/usa-nyc-ny-new-york-638x368.jpg]
[demo.acosmin.com/themes/justwrite/categories-3-columns/index.html]
[demo.acosmin.com/themes/justwrite/masonry-2/page/9/index.html]
[demo.acosmin.com/themes/justwrite/masonry-2/page/2/index.html]
[demo.acosmin.com/themes/justwrite/wp-json/oembed/1.0/embed2d24.json]
[demo.acosmin.com/themes/justwrite/categories-2-columns/page/2/index.html]
[demo.acosmin.com/themes/justwrite/categories-2-columns/page/9/index.html]
[demo.acosmin.com/themes/justwrite/wp-json/oembed/1.0/embed7b9e]
[demo.acosmin.com/themes/justwrite/categories-4-columns/index.html]
[demo.acosmin.com/themes/justwrite/categories-3-columns/page/2/index.html]
[demo.acosmin.com/themes/justwrite/categories-3-columns/page/9/index.html]
[demo.acosmin.com/themes/justwrite/wp-json/oembed/1.0/embed251a.json]
[demo.acosmin.com/themes/justwrite/categories-4-columns/page/2/index.html]
[demo.acosmin.com/themes/justwrite/categories-4-columns/page/9/index.html]
[demo.acosmin.com/themes/justwrite/wp-json/oembed/1.0/embed394f]
[demo.acosmin.com/themes/justwrite/advertisng/index.html]
[demo.acosmin.com/themes/justwrite/wp-json/oembed/1.0/embedda1a.json]
[demo.acosmin.com/themes/justwrite/advertisng/page/9/index.html]
[demo.acosmin.com/themes/justwrite/advertisng/page/2/index.html]
[demo.acosmin.com/themes/justwrite/wp-json/oembed/1.0/embed73cc]
[demo.acosmin.com/themes/justwrite/archives/index.html]
[demo.acosmin.com/themes/justwrite/wp-json/oembed/1.0/embed56aa.json]
[demo.acosmin.com/themes/justwrite/archives/page/9/index.html]
[demo.acosmin.com/themes/justwrite/archives/page/2/index.html]
[demo.acosmin.com/themes/justwrite/wp-json/oembed/1.0/embed7275]
[demo.acosmin.com/themes/justwrite/social-profiles/index.html]
[demo.acosmin.com/themes/justwrite/wp-json/oembed/1.0/embed508b.json]
[demo.acosmin.com/themes/justwrite/social-profiles/page/2/index.html]
[demo.acosmin.com/themes/justwrite/social-profiles/page/9/index.html]
[demo.acosmin.com/themes/justwrite/wp-json/oembed/1.0/embed97a3]
[demo.acosmin.com/themes/justwrite/popular-posts/index.html]
[demo.acosmin.com/themes/justwrite/wp-json/oembed/1.0/embed4dfe.json]
[demo.acosmin.com/themes/justwrite/popular-posts/page/2/index.html]
[demo.acosmin.com/themes/justwrite/popular-posts/page/9/index.html]
[demo.acosmin.com/themes/justwrite/wp-json/oembed/1.0/embed6a11]
[demo.acosmin.com/themes/justwrite/fonts-1/index.html]
[demo.acosmin.com/themes/justwrite/wp-json/oembed/1.0/embedc282.json]
[demo.acosmin.com/themes/justwrite/fonts-1/page/9/index.html]
[demo.acosmin.com/themes/justwrite/fonts-1/page/2/index.html]
[demo.acosmin.com/themes/justwrite/wp-json/oembed/1.0/embede35f]
[demo.acosmin.com/themes/justwrite/fonts-2/index.html]
[demo.acosmin.com/themes/justwrite/fonts-2/page/2/index.html]
[demo.acosmin.com/themes/justwrite/wp-json/oembed/1.0/embed9e3b.json]
[demo.acosmin.com/themes/justwrite/fonts-2/page/9/index.html]
[demo.acosmin.com/themes/justwrite/wp-json/oembed/1.0/embed89d8]
[demo.acosmin.com/themes/justwrite/fonts-3/index.html]
[demo.acosmin.com/themes/justwrite/wp-json/oembed/1.0/embed3928.json]
[demo.acosmin.com/themes/justwrite/fonts-3/page/9/index.html]
[demo.acosmin.com/themes/justwrite/fonts-3/page/2/index.html]
[demo.acosmin.com/themes/justwrite/wp-json/oembed/1.0/embed9fc7]
[demo.acosmin.com/themes/justwrite/fonts-4/index.html]
[demo.acosmin.com/themes/justwrite/wp-json/oembed/1.0/embedcfa5.json]
[demo.acosmin.com/themes/justwrite/fonts-4/page/9/index.html]
[demo.acosmin.com/themes/justwrite/fonts-4/page/2/index.html]
[demo.acosmin.com/themes/justwrite/wp-json/oembed/1.0/embed9f2c]
[demo.acosmin.com/themes/justwrite/fonts-5-default/index.html]
[demo.acosmin.com/themes/justwrite/wp-json/oembed/1.0/embed5650.json]
[demo.acosmin.com/themes/justwrite/fonts-5-default/page/9/index.html]
[demo.acosmin.com/themes/justwrite/fonts-5-default/page/2/index.html]
[demo.acosmin.com/themes/justwrite/wp-json/oembed/1.0/embed8c59]
[demo.acosmin.com/themes/justwrite/fonts-6/index.html]
[demo.acosmin.com/themes/justwrite/wp-json/oembed/1.0/embedfacf.json]
[demo.acosmin.com/themes/justwrite/fonts-6/page/2/index.html]
[demo.acosmin.com/themes/justwrite/fonts-6/page/9/index.html]
[demo.acosmin.com/themes/justwrite/wp-json/oembed/1.0/embed9341]
[demo.acosmin.com/themes/justwrite/fonts-7/index.html]
[demo.acosmin.com/themes/justwrite/wp-json/oembed/1.0/embed221a.json]
[demo.acosmin.com/themes/justwrite/fonts-7/page/9/index.html]
[demo.acosmin.com/themes/justwrite/fonts-7/page/2/index.html]
[demo.acosmin.com/themes/justwrite/wp-json/oembed/1.0/embedf7a6]
[demo.acosmin.com/themes/justwrite/fonts-8/index.html]
[demo.acosmin.com/themes/justwrite/wp-json/oembed/1.0/embed5820.json]
[demo.acosmin.com/themes/justwrite/fonts-8/page/2/index.html]
[demo.acosmin.com/themes/justwrite/fonts-8/page/9/index.html]
[demo.acosmin.com/themes/justwrite/wp-json/oembed/1.0/embedc15d]
[demo.acosmin.com/themes/justwrite/fonts-9/index.html]
[demo.acosmin.com/themes/justwrite/wp-json/oembed/1.0/embed1aa9.json]
[demo.acosmin.com/themes/justwrite/fonts-9/page/9/index.html]
[demo.acosmin.com/themes/justwrite/fonts-9/page/2/index.html]
[demo.acosmin.com/themes/justwrite/wp-json/oembed/1.0/embed8e85]
[demo.acosmin.com/themes/justwrite/wp-content/uploads/2015/10/preloader-settings.jpg]
[demo.acosmin.com/themes/justwrite/page-preloader/index.html]
[demo.acosmin.com/themes/justwrite/wp-json/oembed/1.0/embed779d.json]
[demo.acosmin.com/themes/justwrite/wp-json/oembed/1.0/embeda18a]
[demo.acosmin.com/themes/justwrite/loading-1/index.html]
[demo.acosmin.com/themes/justwrite/wp-json/oembed/1.0/embed8f18.json]
[demo.acosmin.com/themes/justwrite/wp-json/oembed/1.0/embed5a04]
[demo.acosmin.com/themes/justwrite/balls-spinner/index.html]
[demo.acosmin.com/themes/justwrite/wp-json/oembed/1.0/embed577e.json]
[demo.acosmin.com/themes/justwrite/wp-json/oembed/1.0/embedf2a6]
[demo.acosmin.com/themes/justwrite/ball-puls/index.html]
[demo.acosmin.com/themes/justwrite/wp-json/oembed/1.0/embed7568.json]
[demo.acosmin.com/themes/justwrite/wp-json/oembed/1.0/embed6503]
[demo.acosmin.com/themes/justwrite/ball-beat/index.html]
[demo.acosmin.com/themes/justwrite/wp-json/oembed/1.0/embedd106.json]
[demo.acosmin.com/themes/justwrite/wp-json/oembed/1.0/embedc66a]
[demo.acosmin.com/themes/justwrite/wp-content/uploads/2015/10/121.jpg]
[demo.acosmin.com/themes/justwrite/background-image/index.html]
[demo.acosmin.com/themes/justwrite/wp-json/oembed/1.0/embeda00d.json]
[demo.acosmin.com/themes/justwrite/background-image/page/2/index.html]
[demo.acosmin.com/themes/justwrite/background-image/page/9/index.html]
[demo.acosmin.com/themes/justwrite/wp-json/oembed/1.0/embed690f]
[demo.acosmin.com/themes/justwrite/centered-description/index.html]
[demo.acosmin.com/themes/justwrite/wp-json/oembed/1.0/embed7636.json]
[demo.acosmin.com/themes/justwrite/centered-description/page/2/index.html]
[demo.acosmin.com/themes/justwrite/centered-description/page/9/index.html]
[demo.acosmin.com/themes/justwrite/wp-json/oembed/1.0/embed1e11]
[demo.acosmin.com/themes/justwrite/align-left-2/index.html]
[demo.acosmin.com/themes/justwrite/wp-json/oembed/1.0/embed9bda.json]
[demo.acosmin.com/themes/justwrite/align-left-2/page/2/index.html]
[demo.acosmin.com/themes/justwrite/align-left-2/page/9/index.html]
[demo.acosmin.com/themes/justwrite/wp-json/oembed/1.0/embedf1da]
[demo.acosmin.com/themes/justwrite/wp-content/uploads/2015/10/logo.png]
[demo.acosmin.com/themes/justwrite/image-logo/index.html]
[demo.acosmin.com/themes/justwrite/wp-json/oembed/1.0/embedbb53.json]
[demo.acosmin.com/themes/justwrite/image-logo/page/9/index.html]
[demo.acosmin.com/themes/justwrite/image-logo/page/2/index.html]
[demo.acosmin.com/themes/justwrite/wp-json/oembed/1.0/embede9a9]
[demo.acosmin.com/themes/justwrite/728x90px-ad/index.html]
[demo.acosmin.com/themes/justwrite/wp-json/oembed/1.0/embed7fac.json]
[demo.acosmin.com/themes/justwrite/728x90px-ad/page/2/index.html]
[demo.acosmin.com/themes/justwrite/728x90px-ad/page/9/index.html]
[demo.acosmin.com/themes/justwrite/wp-json/oembed/1.0/embed7b32]
[demo.acosmin.com/themes/justwrite/featured-posts-slider/index.html]
[demo.acosmin.com/themes/justwrite/wp-json/oembed/1.0/embedb246.json]
[demo.acosmin.com/themes/justwrite/featured-posts-slider/page/2/index.html]
[demo.acosmin.com/themes/justwrite/featured-posts-slider/page/9/index.html]
[demo.acosmin.com/themes/justwrite/wp-json/oembed/1.0/embed5eec]
[demo.acosmin.com/themes/justwrite/align-left/index.html]
[demo.acosmin.com/themes/justwrite/wp-json/oembed/1.0/embedc70d.json]
[demo.acosmin.com/themes/justwrite/align-left/page/2/index.html]
[demo.acosmin.com/themes/justwrite/align-left/page/9/index.html]
[demo.acosmin.com/themes/justwrite/wp-json/oembed/1.0/embed20bc]
[demo.acosmin.com/themes/justwrite/no-thumbnail/index.html]
[demo.acosmin.com/themes/justwrite/wp-json/oembed/1.0/embeddd0f.json]
[demo.acosmin.com/themes/justwrite/no-thumbnail/page/2/index.html]
[demo.acosmin.com/themes/justwrite/no-thumbnail/page/9/index.html]
[demo.acosmin.com/themes/justwrite/wp-json/oembed/1.0/embed4ee6]
[demo.acosmin.com/themes/justwrite/morphing-point/index.html]
[demo.acosmin.com/themes/justwrite/wp-json/oembed/1.0/embedad74.json]
[demo.acosmin.com/themes/justwrite/morphing-point/page/2/index.html]
[demo.acosmin.com/themes/justwrite/morphing-point/page/9/index.html]
[demo.acosmin.com/themes/justwrite/wp-json/oembed/1.0/embed1606]
[demo.acosmin.com/themes/justwrite/fixed-menu/index.html]
[demo.acosmin.com/themes/justwrite/wp-json/oembed/1.0/embed3649.json]
[demo.acosmin.com/themes/justwrite/fixed-menu/page/2/index.html]
[demo.acosmin.com/themes/justwrite/fixed-menu/page/9/index.html]
[demo.acosmin.com/themes/justwrite/wp-json/oembed/1.0/embed2645]
[demo.acosmin.com/themes/justwrite/mini-sidebar/index.html]
[demo.acosmin.com/themes/justwrite/wp-json/oembed/1.0/embed4751.json]
[demo.acosmin.com/themes/justwrite/mini-sidebar/page/9/index.html]
[demo.acosmin.com/themes/justwrite/mini-sidebar/page/2/index.html]
[demo.acosmin.com/themes/justwrite/wp-json/oembed/1.0/embed4238]
[demo.acosmin.com/themes/justwrite/footer-widgets/index.html]
[demo.acosmin.com/themes/justwrite/wp-json/oembed/1.0/embed441b.json]
[demo.acosmin.com/themes/justwrite/footer-widgets/page/2/index.html]
[demo.acosmin.com/themes/justwrite/footer-widgets/page/9/index.html]
[demo.acosmin.com/themes/justwrite/wp-json/oembed/1.0/embed19c6]
[demo.acosmin.com/themes/justwrite/index/index.html]
[demo.acosmin.com/themes/justwrite/wp-json/oembed/1.0/embed56ae.json]
[demo.acosmin.com/themes/justwrite/index/page/9/index.html]
[demo.acosmin.com/themes/justwrite/index/page/2/index.html]
[demo.acosmin.com/themes/justwrite/wp-json/oembed/1.0/embedfe7b]
[demo.acosmin.com/D_justwrite/wp-content/uploads/2015/07/asfz-300x200.jpeg]
[demo.acosmin.com/themes/justwrite/customizer-post/index.html]
[demo.acosmin.com/themes/justwrite/wp-json/oembed/1.0/embeddf21.json]
[demo.acosmin.com/themes/justwrite/this-is-a-post-with-a-normal-layout-selected-as-default/feed/index.html]
[demo.acosmin.com/themes/justwrite/wp-json/oembed/1.0/embedc450]
[demo.acosmin.com/themes/justwrite/this-is-a-post-with-a-normal-layout-selected-as-default/index.html]
[demo.acosmin.com/themes/justwrite/wp-json/oembed/1.0/embed94aa.json]
[demo.acosmin.com/themes/justwrite/this-is-a-post-with-a-billboard-layout-selected-as-default/feed/index.html]
[demo.acosmin.com/themes/justwrite/category/uncategorized/index.html]
[demo.acosmin.com/themes/justwrite/this-is-a-post-with-a-billboard-parallax-layout-selected-as-default/index.html]
[demo.acosmin.com/themes/justwrite/wp-json/oembed/1.0/embed8f1a]
[demo.acosmin.com/themes/justwrite/wp-content/uploads/2016/03/2.jpg]
[demo.acosmin.com/themes/justwrite/this-is-a-post-with-a-billboard-layout-selected-as-default/index.html]
[demo.acosmin.com/themes/justwrite/wp-content/uploads/2015/10/house_of_cards_frank_underwood_kevin_spacey_102090_3840x2160-600x400.jpg]
[demo.acosmin.com/themes/justwrite/wp-content/uploads/2015/10/usa-nyc-ny-new-york-600x400.jpg]
[demo.acosmin.com/themes/justwrite/wp-content/uploads/2015/10/woman-918787_1920-600x400.jpg]
[demo.acosmin.com/themes/justwrite/wp-content/uploads/2015/10/wqrzs-600x400.jpg]
[demo.acosmin.com/themes/justwrite/category/business/index.html]
[demo.acosmin.com/themes/justwrite/parents-complain-over-teachers-bodybuilding-pictures/index.html]
[demo.acosmin.com/themes/justwrite/u-s-weighing-direct-action-on-the-ground-in-iraq/index.html]
[demo.acosmin.com/themes/justwrite/category/business/page/2/index.html]
[demo.acosmin.com/themes/justwrite/wp-json/oembed/1.0/embed3f1a.json]
[demo.acosmin.com/themes/justwrite/html-tags-forms-inputs-and-formatting-examples/feed/index.html]
[demo.acosmin.com/themes/justwrite/wp-json/oembed/1.0/embed3998]
[demo.acosmin.com/themes/justwrite/html-tags-forms-inputs-and-formatting-examples/index.html]
[demo.acosmin.com/themes/justwrite/wp-content/uploads/2015/10/4792_house_of_cards-600x400.jpg]
[demo.acosmin.com/themes/justwrite/wp-content/uploads/2015/10/city-cars-traffic-lights-600x400.jpg]
[demo.acosmin.com/themes/justwrite/wp-content/uploads/2015/10/bald-eagle-977811-600x400.jpg]
[demo.acosmin.com/themes/justwrite/category/travel/index.html]
[demo.acosmin.com/themes/justwrite/wp-json/oembed/1.0/embed2c05.json]
[demo.acosmin.com/themes/justwrite/new-section-widgets-in-a-1-2-3-paginated-post/feed/index.html]
[demo.acosmin.com/themes/justwrite/wp-json/oembed/1.0/embed2a60]
[demo.acosmin.com/themes/justwrite/wp-content/uploads/2015/04/sections.jpg]
[demo.acosmin.com/themes/justwrite/new-section-widgets-in-a-1-2-3-paginated-post/index.html]
[demo.acosmin.com/themes/justwrite/wp-content/uploads/2015/10/162H-600x400.jpg]
[demo.acosmin.com/themes/justwrite/new-section-widgets-in-a-1-2-3-paginated-post/2/index.html]
[demo.acosmin.com/themes/justwrite/new-section-widgets-in-a-1-2-3-paginated-post/3/index.html]
[demo.acosmin.com/themes/justwrite/wp-content/uploads/2015/10/firefighters-906219_1280-600x400.jpg]
[demo.acosmin.com/themes/justwrite/wp-content/uploads/2015/10/fsdhx-600x400.jpg]
[demo.acosmin.com/themes/justwrite/wp-content/uploads/2015/10/guy-923841_1920-600x400.jpg]
[demo.acosmin.com/themes/justwrite/category/politics/index.html]
[demo.acosmin.com/themes/justwrite/routine-listen-to-the-most-frustrated-americans-of-all/index.html]
[demo.acosmin.com/themes/justwrite/category/politics/page/2/index.html]
[demo.acosmin.com/themes/justwrite/driven-to-death-by-phone-scammers/index.html]
[demo.acosmin.com/themes/justwrite/wp-json/oembed/1.0/embedf53e.json]
[demo.acosmin.com/themes/justwrite/floating-images-and-alignment-showcase-is-here/feed/index.html]
[demo.acosmin.com/themes/justwrite/wp-json/oembed/1.0/embed0aff]
[demo.acosmin.com/themes/justwrite/wp-content/uploads/2015/10/image-alignment-580x300.jpg]
[demo.acosmin.com/themes/justwrite/wp-content/uploads/2015/10/image-alignment-150x150.jpg]
[demo.acosmin.com/themes/justwrite/wp-content/uploads/2015/10/image-alignment-1200x4002.jpg]
[demo.acosmin.com/themes/justwrite/wp-content/uploads/2015/10/image-alignment-300x200.jpg]
[demo.acosmin.com/themes/justwrite/floating-images-and-alignment-showcase-is-here/index.html]
[demo.acosmin.com/themes/justwrite/wp-content/uploads/2015/10/city-man-person-people-600x400.jpg]
[demo.acosmin.com/themes/justwrite/wp-content/uploads/2015/10/b0dd9ca3feba25e12b22c64de894f37f_large-600x400.jpg]
[demo.acosmin.com/themes/justwrite/wp-content/uploads/2015/10/dsafz-600x400.jpg]
[demo.acosmin.com/themes/justwrite/wp-content/uploads/2015/10/e4efc8f612ff0caa58258d208b686b6a-d4hx36n-600x400.jpg]
[demo.acosmin.com/themes/justwrite/wp-content/uploads/2015/10/eqwtdz-600x400.jpg]
[demo.acosmin.com/themes/justwrite/category/technology/index.html]
[demo.acosmin.com/themes/justwrite/how-fifa-hid-a-most-pernicious-evil/index.html]
[demo.acosmin.com/themes/justwrite/how-do-gay-rights-look-in-your-country/index.html]
[demo.acosmin.com/themes/justwrite/category/technology/page/2/index.html]
[demo.acosmin.com/themes/justwrite/wp-json/oembed/1.0/embedee07.json]
[demo.acosmin.com/themes/justwrite/nested-comments-all-around-us-examples/feed/index.html]
[demo.acosmin.com/themes/justwrite/wp-json/oembed/1.0/embeda928]
[demo.acosmin.com/themes/justwrite/nested-comments-all-around-us-examples/index.html]
[demo.acosmin.com/themes/justwrite/nested-comments-all-around-us-examples/index0e22.html]
[demo.acosmin.com/themes/justwrite/nested-comments-all-around-us-examples/index3094.html]
[demo.acosmin.com/themes/justwrite/nested-comments-all-around-us-examples/index267f.html]
[demo.acosmin.com/themes/justwrite/wp-content/uploads/2015/10/rwhfxb-600x400.jpg]
[demo.acosmin.com/themes/justwrite/nested-comments-all-around-us-examples/index21b4.html]
[demo.acosmin.com/themes/justwrite/nested-comments-all-around-us-examples/index41b7.html]
[demo.acosmin.com/themes/justwrite/nested-comments-all-around-us-examples/index94a5.html]
[demo.acosmin.com/themes/justwrite/wp-content/uploads/2015/10/FVfrkDb-600x400.jpg]
[demo.acosmin.com/themes/justwrite/nested-comments-all-around-us-examples/indexfc06.html]
[demo.acosmin.com/themes/justwrite/wp-content/uploads/2015/10/rwqgx-600x400.jpg]
[demo.acosmin.com/themes/justwrite/nested-comments-all-around-us-examples/index8e42.html]
[demo.acosmin.com/themes/justwrite/wp-content/uploads/2015/10/startup-photos-600x400.jpg]
[demo.acosmin.com/themes/justwrite/wp-content/uploads/2015/10/trhcf-600x400.jpg]
[demo.acosmin.com/themes/justwrite/category/entertainment/index.html]
[demo.acosmin.com/themes/justwrite/senate-advances-defense-bill-despite-veto-threat/index.html]
[demo.acosmin.com/themes/justwrite/technology-keen-eyes-hope-on-coast-guard-search-flight/index.html]
[demo.acosmin.com/themes/justwrite/wp-json/oembed/1.0/embed32aa.json]
[demo.acosmin.com/themes/justwrite/category/entertainment/page/2/index.html]
[demo.acosmin.com/themes/justwrite/boehner-hypercuts-himself-on-isis-comments/feed/index.html]
[demo.acosmin.com/themes/justwrite/wp-json/oembed/1.0/embedbb68]
[demo.acosmin.com/themes/justwrite/boehner-hypercuts-himself-on-isis-comments/index.html]
[demo.acosmin.com/themes/justwrite/type/video/index.html]
[demo.acosmin.com/themes/justwrite/boehner-hypercuts-himself-on-isis-comments/index6944.html]
[demo.acosmin.com/themes/justwrite/boehner-hypercuts-himself-on-isis-comments/indexa858.html]
[demo.acosmin.com/themes/justwrite/wp-json/oembed/1.0/embede971.json]
[demo.acosmin.com/themes/justwrite/boehner-hypercuts-himself-on-isis-comments/index04d3.html]
[demo.acosmin.com/themes/justwrite/nintendo-second-quarter-profit-dips-plans/feed/index.html]
[demo.acosmin.com/themes/justwrite/wp-json/oembed/1.0/embedcd57]
[demo.acosmin.com/themes/justwrite/nintendo-second-quarter-profit-dips-plans/index.html]
[demo.acosmin.com/themes/justwrite/category/testing/index.html]
[demo.acosmin.com/themes/justwrite/wp-json/oembed/1.0/embed5beb.json]
[demo.acosmin.com/themes/justwrite/category/testing/feed/index.html]
[demo.acosmin.com/themes/justwrite/bombardier-to-book-writedowns-get-cash-from-quebec/feed/index.html]
[demo.acosmin.com/themes/justwrite/wp-json/oembed/1.0/embed3e5d]
[demo.acosmin.com/themes/justwrite/wp-includes/js/mediaelement/mediaelement-and-player.min7796.js]
[demo.acosmin.com/themes/justwrite/wp-includes/js/mediaelement/wp-mediaelement.mine539.js]
[demo.acosmin.com/themes/justwrite/bombardier-to-book-writedowns-get-cash-from-quebec/index.html]
[demo.acosmin.com/themes/justwrite/category/imperial/index.html]
[demo.acosmin.com/themes/justwrite/type/audio/index.html]
[demo.acosmin.com/themes/justwrite/wp-json/oembed/1.0/embed5693.json]
[demo.acosmin.com/themes/justwrite/category/imperial/feed/index.html]
[demo.acosmin.com/themes/justwrite/bain-capital-to-sell-or-list-clutch-maker-fte/feed/index.html]
[demo.acosmin.com/themes/justwrite/wp-json/oembed/1.0/embed27bd]
[demo.acosmin.com/D_justwrite/wp-content/uploads/2015/07/asfz.jpeg]
[demo.acosmin.com/D_justwrite/wp-content/uploads/2015/07/asfz-1024x683.jpeg]
[demo.acosmin.com/themes/justwrite/bain-capital-to-sell-or-list-clutch-maker-fte/index.html]
[demo.acosmin.com/themes/justwrite/category/masters/index.html]
[demo.acosmin.com/themes/justwrite/type/image/index.html]
[demo.acosmin.com/themes/justwrite/category/masters/feed/index.html]
[demo.acosmin.com/themes/justwrite/walgreens-cant-assess-divestitures-needed-more/feed/index.html]
[demo.acosmin.com/themes/justwrite/wp-json/oembed/1.0/embed48bc.json]
[demo.acosmin.com/themes/justwrite/wp-json/oembed/1.0/embedf0ae]
[demo.acosmin.com/themes/justwrite/wp-content/uploads/2015/10/pug-981207_1280.jpg]
[demo.acosmin.com/themes/justwrite/wp-content/uploads/2015/10/pug-981207_1280-300x173.jpg]
[demo.acosmin.com/themes/justwrite/wp-content/uploads/2015/10/rnzjfas.jpg]
[demo.acosmin.com/themes/justwrite/type/gallery/index.html]
[demo.acosmin.com/themes/justwrite/wp-content/uploads/2015/10/rnzjfas-300x173.jpg]
[demo.acosmin.com/themes/justwrite/wp-content/uploads/2015/10/photo-1442406964439-e46ab8eff7c4.jpg]
[demo.acosmin.com/themes/justwrite/wp-content/uploads/2015/10/photo-1442406964439-e46ab8eff7c4-300x173.jpg]
[demo.acosmin.com/themes/justwrite/wp-content/uploads/2015/10/woman-918787_1920.jpg]
[demo.acosmin.com/themes/justwrite/wp-content/uploads/2015/10/woman-918787_1920-300x173.jpg]
[demo.acosmin.com/themes/justwrite/wp-content/uploads/2015/10/usa-nyc-ny-new-york.jpg]
[demo.acosmin.com/themes/justwrite/wp-content/uploads/2015/10/usa-nyc-ny-new-york-300x173.jpg]
[demo.acosmin.com/themes/justwrite/wp-content/uploads/2015/10/rwqgx.jpg]
[demo.acosmin.com/themes/justwrite/wp-content/uploads/2015/10/rwqgx-300x173.jpg]
[demo.acosmin.com/themes/justwrite/wp-content/uploads/2015/10/rwhfxb.jpg]
[demo.acosmin.com/themes/justwrite/wp-content/uploads/2015/10/rwhfxb-300x173.jpg]
[demo.acosmin.com/themes/justwrite/wp-content/uploads/2015/10/startup-photos.jpg]
[demo.acosmin.com/themes/justwrite/wp-content/uploads/2015/10/startup-photos-300x173.jpg]
[demo.acosmin.com/themes/justwrite/wp-content/uploads/2015/10/red-couple-night-romantic.jpg]
[demo.acosmin.com/themes/justwrite/wp-content/uploads/2015/10/red-couple-night-romantic-300x173.jpg]
[demo.acosmin.com/themes/justwrite/wp-content/uploads/2015/10/trhcf.jpg]
[demo.acosmin.com/themes/justwrite/wp-content/uploads/2015/10/trhcf-300x173.jpg]
[demo.acosmin.com/themes/justwrite/wp-content/uploads/2015/10/rgqwyur.jpg]
[demo.acosmin.com/themes/justwrite/wp-content/uploads/2015/10/rgqwyur-300x173.jpg]
[demo.acosmin.com/themes/justwrite/wp-content/uploads/2015/10/walking-dead1.jpg]
[demo.acosmin.com/themes/justwrite/wp-content/uploads/2015/10/walking-dead1-300x173.jpg]
[demo.acosmin.com/themes/justwrite/wp-content/uploads/2015/10/tumblr_nvuozdlwzm1sfie3io1_1280.jpg]
[demo.acosmin.com/themes/justwrite/wp-content/uploads/2015/10/tumblr_nvuozdlwzm1sfie3io1_1280-300x173.jpg]
[demo.acosmin.com/themes/justwrite/wp-content/uploads/2015/10/wqrzs.jpg]
[demo.acosmin.com/themes/justwrite/wp-content/uploads/2015/10/wqrzs-300x173.jpg]
[demo.acosmin.com/themes/justwrite/wp-content/uploads/2015/10/photo-1436831135709-48bdc150cce5.jpg]
[demo.acosmin.com/themes/justwrite/wp-content/uploads/2015/10/photo-1436831135709-48bdc150cce5-300x173.jpg]
[demo.acosmin.com/themes/justwrite/walgreens-cant-assess-divestitures-needed-more/index.html]
[demo.acosmin.com/themes/justwrite/category/tv-series/index.html]
[demo.acosmin.com/themes/justwrite/wp-content/uploads/2015/10/obama-best-600x400.jpg]
[demo.acosmin.com/themes/justwrite/category/tv-series/feed/index.html]
[demo.acosmin.com/themes/justwrite/wp-content/uploads/2015/10/milky-way-923801-600x400.jpg]
[demo.acosmin.com/themes/justwrite/wp-content/uploads/2015/10/person-apple-laptop-notebook-600x400.jpg]
[demo.acosmin.com/themes/justwrite/wp-content/uploads/2015/10/PHOTO_SharkTank-group2013-600x400.jpg]
[demo.acosmin.com/themes/justwrite/wp-content/uploads/2015/10/photo-1436262513933-a0b06755c784-600x400.jpg]
[demo.acosmin.com/themes/justwrite/category/opinions/index.html]
[demo.acosmin.com/themes/justwrite/marco-rubio-defends-police-against-hostile-rhetoric/index.html]
[demo.acosmin.com/themes/justwrite/category/opinions/page/2/index.html]
[demo.acosmin.com/themes/justwrite/wp-json/oembed/1.0/embed452a.json]
[demo.acosmin.com/themes/justwrite/house-republicans-move-to-impeach-irs-head/index.html]
[demo.acosmin.com/themes/justwrite/death-and-guns-in-the-usa-the-story-in-six-graphs/feed/index.html]
[demo.acosmin.com/themes/justwrite/graham-on-the-undercard-debate-i-think-it-sucks/index.html]
[demo.acosmin.com/themes/justwrite/wp-json/oembed/1.0/embedff54]
[demo.acosmin.com/themes/justwrite/death-and-guns-in-the-usa-the-story-in-six-graphs/index.html]
[demo.acosmin.com/themes/justwrite/author/demoadmin/index.html]
[demo.acosmin.com/themes/justwrite/author/demoadmin/feed/index.html]
[demo.acosmin.com/themes/justwrite/wp-json/oembed/1.0/embedd33c.json]
[demo.acosmin.com/themes/justwrite/author/demoadmin/page/2/index.html]
[demo.acosmin.com/themes/justwrite/author/demoadmin/page/11/index.html]
[demo.acosmin.com/themes/justwrite/first-on-cnn-doj-closes-irs-investigation-with/feed/index.html]
[demo.acosmin.com/themes/justwrite/wp-json/oembed/1.0/embedf58c]
[demo.acosmin.com/themes/justwrite/first-on-cnn-doj-closes-irs-investigation-with/index.html]
[demo.acosmin.com/themes/justwrite/behind-the-scenes-with-the-commander-of-special-ops/feed/index.html]
[demo.acosmin.com/themes/justwrite/wp-json/oembed/1.0/embed1a65.json]
[demo.acosmin.com/themes/justwrite/wp-json/oembed/1.0/embed231a]
[demo.acosmin.com/themes/justwrite/wp-content/uploads/2015/10/person-apple-laptop-notebook-638x368.jpg]
[demo.acosmin.com/themes/justwrite/behind-the-scenes-with-the-commander-of-special-ops/index.html]
[demo.acosmin.com/themes/justwrite/wp-json/oembed/1.0/embed7dfe.json]
[demo.acosmin.com/themes/justwrite/army-captain-tackled-suicide-bomber/feed/index.html]
[demo.acosmin.com/themes/justwrite/wp-json/oembed/1.0/embed2d7f]
[demo.acosmin.com/themes/justwrite/army-captain-tackled-suicide-bomber/index.html]
[demo.acosmin.com/themes/justwrite/wp-json/oembed/1.0/embed62d3.json]
[demo.acosmin.com/themes/justwrite/china-says-it-warned-tracked-u-s-warship/feed/index.html]
[demo.acosmin.com/themes/justwrite/behind-the-scenes-with-commander-of-special-ops/index.html]
[demo.acosmin.com/themes/justwrite/wp-json/oembed/1.0/embedaff7]
[demo.acosmin.com/themes/justwrite/china-says-it-warned-tracked-u-s-warship/index.html]
[demo.acosmin.com/themes/justwrite/wp-content/uploads/2015/10/photo-1442406964439-e46ab8eff7c4-600x400.jpg]
[demo.acosmin.com/themes/justwrite/wp-content/uploads/2015/10/pug-981207_1280-600x400.jpg]
[demo.acosmin.com/themes/justwrite/wp-content/uploads/2015/10/putin-892654_1920-600x400.jpg]
[demo.acosmin.com/themes/justwrite/wp-content/uploads/2015/10/red-couple-night-romantic-600x400.jpg]
[demo.acosmin.com/themes/justwrite/wp-content/uploads/2015/10/rgqwyur-600x400.jpg]
[demo.acosmin.com/themes/justwrite/category/markets/index.html]
[demo.acosmin.com/themes/justwrite/presidential-places-reagans-ranch-in-the-sky/index.html]
[demo.acosmin.com/themes/justwrite/the-best-of-donald-trump-vs-jeb-bush/index.html]
[demo.acosmin.com/themes/justwrite/category/markets/page/2/index.html]
[demo.acosmin.com/themes/justwrite/wp-json/oembed/1.0/embed25e2.json]
[demo.acosmin.com/themes/justwrite/donald-trump-vs-the-republican-establishment/feed/index.html]
[demo.acosmin.com/themes/justwrite/six-things-to-watch-at-the-republican-debate/index.html]
[demo.acosmin.com/themes/justwrite/wp-json/oembed/1.0/embed18b7]
[demo.acosmin.com/themes/justwrite/donald-trump-vs-the-republican-establishment/index.html]
[demo.acosmin.com/themes/justwrite/wp-json/oembed/1.0/embed5029.json]
[demo.acosmin.com/themes/justwrite/can-the-republican-debate-save-carly-fiorina/feed/index.html]
[demo.acosmin.com/themes/justwrite/he-got-to-witness-the-longest-day/index.html]
[demo.acosmin.com/themes/justwrite/wp-json/oembed/1.0/embedc535]
[demo.acosmin.com/themes/justwrite/wp-content/uploads/2015/10/pug-981207_1280-638x368.jpg]
[demo.acosmin.com/themes/justwrite/can-the-republican-debate-save-carly-fiorina/index.html]
[demo.acosmin.com/themes/justwrite/wp-json/oembed/1.0/embed6107.json]
[demo.acosmin.com/themes/justwrite/inside-the-navys-most-lethal-warship/feed/index.html]
[demo.acosmin.com/themes/justwrite/wp-json/oembed/1.0/embed6a7f]
[demo.acosmin.com/themes/justwrite/inside-the-navys-most-lethal-warship/index.html]
[demo.acosmin.com/themes/justwrite/wp-json/oembed/1.0/embedd204.json]
[demo.acosmin.com/themes/justwrite/netanyahu-on-iran-deal-lets-look-forward/feed/index.html]
[demo.acosmin.com/themes/justwrite/wp-json/oembed/1.0/embeda7e8]
[demo.acosmin.com/themes/justwrite/netanyahu-on-iran-deal-lets-look-forward/index.html]
[demo.acosmin.com/themes/justwrite/wp-json/oembed/1.0/embed7fd2.json]
[demo.acosmin.com/themes/justwrite/heres-why-the-tpp-is-such-a-big-deal/feed/index.html]
[demo.acosmin.com/themes/justwrite/wp-json/oembed/1.0/embed9c22]
[demo.acosmin.com/themes/justwrite/heres-why-the-tpp-is-such-a-big-deal/index.html]
[demo.acosmin.com/themes/justwrite/wp-json/oembed/1.0/embed3399.json]
[demo.acosmin.com/themes/justwrite/epa-boss-climate-change-could-kill-thousands/feed/index.html]
[demo.acosmin.com/themes/justwrite/wp-json/oembed/1.0/embed51fb]
[demo.acosmin.com/themes/justwrite/wp-content/uploads/2015/10/dsafz-638x368.jpg]
[demo.acosmin.com/themes/justwrite/epa-boss-climate-change-could-kill-thousands/index.html]
[demo.acosmin.com/themes/justwrite/wp-json/oembed/1.0/embed8818.json]
[demo.acosmin.com/themes/justwrite/hastert-pleads-guilty-to-lying-to-investigators/feed/index.html]
[demo.acosmin.com/themes/justwrite/the-political-sensibility-of-saul-williams/index.html]
[demo.acosmin.com/themes/justwrite/wp-json/oembed/1.0/embeda99c]
[demo.acosmin.com/themes/justwrite/hastert-pleads-guilty-to-lying-to-investigators/index.html]
[demo.acosmin.com/themes/justwrite/wp-json/oembed/1.0/embed1621.json]
[demo.acosmin.com/themes/justwrite/newspaper-to-rubio-show-up-or-resign/feed/index.html]
[demo.acosmin.com/themes/justwrite/wp-json/oembed/1.0/embed0065]
[demo.acosmin.com/themes/justwrite/newspaper-to-rubio-show-up-or-resign/index.html]
[demo.acosmin.com/themes/justwrite/wp-json/oembed/1.0/embed8306.json]
[demo.acosmin.com/themes/justwrite/icahn-takes-stake-in-aig-calls-for-breakup/feed/index.html]
[demo.acosmin.com/themes/justwrite/wp-json/oembed/1.0/embed637c]
[demo.acosmin.com/themes/justwrite/icahn-takes-stake-in-aig-calls-for-breakup/index.html]
[demo.acosmin.com/themes/justwrite/wp-json/oembed/1.0/embed64d2.json]
[demo.acosmin.com/themes/justwrite/officer-fired-after-violent-classroom-arrest/feed/index.html]
[demo.acosmin.com/themes/justwrite/wp-json/oembed/1.0/embed5c2e]
[demo.acosmin.com/themes/justwrite/officer-fired-after-violent-classroom-arrest/index.html]
[demo.acosmin.com/themes/justwrite/wp-content/uploads/2015/10/bar-926256_1920-600x400.jpg]
[demo.acosmin.com/themes/justwrite/wp-content/uploads/2015/10/bdfb-600x400.jpg]
[demo.acosmin.com/themes/justwrite/wp-content/uploads/2015/10/bmw-918407_1920-600x400.jpg]
[demo.acosmin.com/themes/justwrite/category/sports/index.html]
[demo.acosmin.com/themes/justwrite/wp-json/oembed/1.0/embed1a1b.json]
[demo.acosmin.com/themes/justwrite/apple-defies-china-slowdown-with-strong-iphone/feed/index.html]
[demo.acosmin.com/themes/justwrite/wp-json/oembed/1.0/embed38b7]
[demo.acosmin.com/themes/justwrite/apple-defies-china-slowdown-with-strong-iphone/index.html]
[demo.acosmin.com/themes/justwrite/wp-json/oembed/1.0/embed97ef.json]
[demo.acosmin.com/themes/justwrite/miners-with-lung-disease-get-help-at-china-facility/feed/index.html]
[demo.acosmin.com/themes/justwrite/wp-json/oembed/1.0/embed0446]
[demo.acosmin.com/themes/justwrite/miners-with-lung-disease-get-help-at-china-facility/index.html]
[demo.acosmin.com/themes/justwrite/wp-json/oembed/1.0/embed580a.json]
[demo.acosmin.com/themes/justwrite/primaries-keep-gop-from-winning-white-house/feed/index.html]
[demo.acosmin.com/themes/justwrite/miners-with-lung-disease-get-help-at-china-facility/indexfa40.html]
[demo.acosmin.com/themes/justwrite/miners-with-lung-disease-get-help-at-china-facility/index360b.html]
[demo.acosmin.com/themes/justwrite/wp-json/oembed/1.0/embed370a]
[demo.acosmin.com/themes/justwrite/primaries-keep-gop-from-winning-white-house/index.html]
[demo.acosmin.com/themes/justwrite/wp-content/uploads/2015/10/2013_crysis_3-wide-600x400.jpg]
[demo.acosmin.com/themes/justwrite/wp-content/uploads/2015/10/asfz-600x400.jpg]
[demo.acosmin.com/themes/justwrite/wp-content/uploads/2015/10/3765c625-1400x933-600x400.jpg]
[demo.acosmin.com/themes/justwrite/category/weather/index.html]
[demo.acosmin.com/themes/justwrite/wp-json/oembed/1.0/embed5436.json]
[demo.acosmin.com/themes/justwrite/fed-statement-awaited-apple-energy-stocks-shine/feed/index.html]
[demo.acosmin.com/themes/justwrite/wp-json/oembed/1.0/embed1e15]
[demo.acosmin.com/themes/justwrite/fed-statement-awaited-apple-energy-stocks-shine/index.html]
[demo.acosmin.com/themes/justwrite/wp-json/oembed/1.0/embed6a7d.json]
[demo.acosmin.com/themes/justwrite/budget-deal-cuts-10-year-deficits-by-80-billion/feed/index.html]
[demo.acosmin.com/themes/justwrite/wp-json/oembed/1.0/embeda8a8]
[demo.acosmin.com/themes/justwrite/budget-deal-cuts-10-year-deficits-by-80-billion/index.html]
[demo.acosmin.com/themes/justwrite/wp-json/oembed/1.0/embed6b16.json]
[demo.acosmin.com/themes/justwrite/white-house-urges-congress-to-finalize-cyber-bill/feed/index.html]
[demo.acosmin.com/themes/justwrite/wp-json/oembed/1.0/embed2c00]
[demo.acosmin.com/themes/justwrite/white-house-urges-congress-to-finalize-cyber-bill/index.html]
[demo.acosmin.com/themes/justwrite/2015/10/index.html]
[demo.acosmin.com/themes/justwrite/2015/09/index.html]
[demo.acosmin.com/themes/justwrite/2015/08/index.html]
[demo.acosmin.com/themes/justwrite/2015/07/index.html]
[demo.acosmin.com/themes/justwrite/2015/10/28/index.html]
[demo.acosmin.com/themes/justwrite/2015/09/14/index.html]
[demo.acosmin.com/themes/justwrite/2015/08/03/index.html]
[demo.acosmin.com/themes/justwrite/2015/06/index.html]
[demo.acosmin.com/themes/justwrite/2015/05/index.html]
[demo.acosmin.com/themes/justwrite/2015/07/28/index.html]
[demo.acosmin.com/themes/justwrite/2015/04/index.html]
[demo.acosmin.com/themes/justwrite/2015/03/index.html]
[demo.acosmin.com/themes/justwrite/2015/06/18/index.html]
[demo.acosmin.com/themes/justwrite/2015/02/index.html]
[demo.acosmin.com/themes/justwrite/2015/05/23/index.html]
[demo.acosmin.com/themes/justwrite/2015/05/26/index.html]
[demo.acosmin.com/themes/justwrite/2015/05/30/index.html]
[demo.acosmin.com/themes/justwrite/2015/01/index.html]
[demo.acosmin.com/themes/justwrite/2015/04/14/index.html]
[demo.acosmin.com/themes/justwrite/2015/03/25/index.html]
[demo.acosmin.com/themes/justwrite/2015/02/12/index.html]
[demo.acosmin.com/themes/justwrite/2013/11/index.html]
[demo.acosmin.com/themes/justwrite/2013/08/index.html]
[demo.acosmin.com/themes/justwrite/page/2/index.html]
[demo.acosmin.com/themes/justwrite/2015/01/15/index.html]
[demo.acosmin.com/themes/justwrite/2013/11/26/index.html]
[demo.acosmin.com/themes/justwrite/2013/08/25/index.html]
[demo.acosmin.com/themes/justwrite/page/3/index.html]
[demo.acosmin.com/themes/justwrite/page/11/index.html]
[demo.acosmin.com/themes/justwrite/tag/align/index.html]
[demo.acosmin.com/themes/justwrite/wp-content/uploads/2016/03/2-600x400.jpg]
[demo.acosmin.com/themes/justwrite/tag/allthesame/index.html]
[demo.acosmin.com/themes/justwrite/tag/align/feed/index.html]
[demo.acosmin.com/themes/justwrite/tag/allthesame/feed/index.html]
[demo.acosmin.com/themes/justwrite/page/10/index.html]
[demo.acosmin.com/themes/justwrite/wp-content/uploads/2015/10/wqtds-600x400.jpg]
[demo.acosmin.com/themes/justwrite/tag/asdf/index.html]
[demo.acosmin.com/themes/justwrite/tag/ashjd/index.html]
[demo.acosmin.com/themes/justwrite/tag/asdf/feed/index.html]
[demo.acosmin.com/themes/justwrite/tag/asv/index.html]
[demo.acosmin.com/themes/justwrite/tag/ashjd/feed/index.html]
[demo.acosmin.com/themes/justwrite/tag/cards/index.html]
[demo.acosmin.com/themes/justwrite/poets-to-get-99-lashes-for-handshakes/index.html]
[demo.acosmin.com/themes/justwrite/tag/asv/feed/index.html]
[demo.acosmin.com/themes/justwrite/tag/cards/feed/index.html]
[demo.acosmin.com/themes/justwrite/tag/cbnsa-jfsa-ifuiew/index.html]
[demo.acosmin.com/themes/justwrite/tag/cia/index.html]
[demo.acosmin.com/themes/justwrite/tag/comment/index.html]
[demo.acosmin.com/themes/justwrite/tag/cia/feed/index.html]
[demo.acosmin.com/themes/justwrite/tag/comments/index.html]
[demo.acosmin.com/themes/justwrite/tag/example/index.html]
[demo.acosmin.com/themes/justwrite/tag/comment/feed/index.html]
[demo.acosmin.com/themes/justwrite/tag/cbnsa-jfsa-ifuiew/feed/index.html]
[demo.acosmin.com/themes/justwrite/tag/facebook/index.html]
[demo.acosmin.com/themes/justwrite/tag/fame/index.html]
[demo.acosmin.com/themes/justwrite/tag/famous/index.html]
[demo.acosmin.com/themes/justwrite/tag/example/feed/index.html]
[demo.acosmin.com/themes/justwrite/tag/facebook/feed/index.html]
[demo.acosmin.com/themes/justwrite/tag/fans/index.html]
[demo.acosmin.com/themes/justwrite/tag/fgds/index.html]
[demo.acosmin.com/themes/justwrite/tag/fame/feed/index.html]
[demo.acosmin.com/themes/justwrite/tag/famous/feed/index.html]
[demo.acosmin.com/themes/justwrite/tag/fans/feed/index.html]
[demo.acosmin.com/themes/justwrite/tag/fgds/feed/index.html]
[demo.acosmin.com/themes/justwrite/wp-content/uploads/2015/10/tumblr_nvuozdlwzm1sfie3io1_1280-600x400.jpg]
[demo.acosmin.com/themes/justwrite/tag/fihre/index.html]
[demo.acosmin.com/themes/justwrite/tag/fsa/index.html]
[demo.acosmin.com/themes/justwrite/tag/fsia/index.html]
[demo.acosmin.com/themes/justwrite/tag/fihre/feed/index.html]
[demo.acosmin.com/themes/justwrite/tag/fsa/feed/index.html]
[demo.acosmin.com/themes/justwrite/wp-content/uploads/2015/10/rnzjfas-600x400.jpg]
[demo.acosmin.com/themes/justwrite/tag/fsia/feed/index.html]
[demo.acosmin.com/themes/justwrite/tag/gre-rjek-poiqw/index.html]
[demo.acosmin.com/themes/justwrite/tag/hatag/index.html]
[demo.acosmin.com/themes/justwrite/tag/gre-rjek-poiqw/feed/index.html]
[demo.acosmin.com/themes/justwrite/tag/homeland/index.html]
[demo.acosmin.com/themes/justwrite/tag/hatag/feed/index.html]
[demo.acosmin.com/themes/justwrite/tag/house/index.html]
[demo.acosmin.com/themes/justwrite/tag/homeland/feed/index.html]
[demo.acosmin.com/themes/justwrite/tag/images/index.html]
[demo.acosmin.com/themes/justwrite/tag/house/feed/index.html]
[demo.acosmin.com/themes/justwrite/tag/interested/index.html]
[demo.acosmin.com/themes/justwrite/tag/images/feed/index.html]
[demo.acosmin.com/themes/justwrite/tag/internet/index.html]
[demo.acosmin.com/themes/justwrite/tag/jhf/index.html]
[demo.acosmin.com/themes/justwrite/tag/jkfs/index.html]
[demo.acosmin.com/themes/justwrite/tag/interested/feed/index.html]
[demo.acosmin.com/themes/justwrite/tag/internet/feed/index.html]
[demo.acosmin.com/themes/justwrite/tag/jkjsa/index.html]
[demo.acosmin.com/themes/justwrite/tag/jklfsa/index.html]
[demo.acosmin.com/themes/justwrite/tag/jhf/feed/index.html]
[demo.acosmin.com/themes/justwrite/tag/jkfs/feed/index.html]
[demo.acosmin.com/themes/justwrite/tag/kjdh/index.html]
[demo.acosmin.com/themes/justwrite/tag/nested/index.html]
[demo.acosmin.com/themes/justwrite/tag/jkjsa/feed/index.html]
[demo.acosmin.com/themes/justwrite/tag/jklfsa/feed/index.html]
[demo.acosmin.com/themes/justwrite/tag/newz/index.html]
[demo.acosmin.com/themes/justwrite/tag/nsa/index.html]
[demo.acosmin.com/themes/justwrite/tag/kjdh/feed/index.html]
[demo.acosmin.com/themes/justwrite/tag/nested/feed/index.html]
[demo.acosmin.com/themes/justwrite/tag/opre/index.html]
[demo.acosmin.com/themes/justwrite/tag/owq/index.html]
[demo.acosmin.com/themes/justwrite/tag/newz/feed/index.html]
[demo.acosmin.com/themes/justwrite/tag/nsa/feed/index.html]
[demo.acosmin.com/themes/justwrite/tag/print/index.html]
[demo.acosmin.com/themes/justwrite/tag/owq/feed/index.html]
[demo.acosmin.com/themes/justwrite/tag/saf/index.html]
[demo.acosmin.com/themes/justwrite/tag/opre/feed/index.html]
[demo.acosmin.com/themes/justwrite/tag/snuggly/index.html]
[demo.acosmin.com/themes/justwrite/tag/print/feed/index.html]
[demo.acosmin.com/themes/justwrite/tag/tagging/index.html]
[demo.acosmin.com/themes/justwrite/tag/taggster/index.html]
[demo.acosmin.com/themes/justwrite/tag/saf/feed/index.html]
[demo.acosmin.com/themes/justwrite/tag/taglines/index.html]
[demo.acosmin.com/themes/justwrite/tag/snuggly/feed/index.html]
[demo.acosmin.com/themes/justwrite/tag/tester/index.html]
[demo.acosmin.com/themes/justwrite/tag/tagging/feed/index.html]
[demo.acosmin.com/themes/justwrite/tag/taggster/feed/index.html]
[demo.acosmin.com/themes/justwrite/tag/teszi/index.html]
[demo.acosmin.com/themes/justwrite/2015/index.html]
[demo.acosmin.com/themes/justwrite/tag/taglines/feed/index.html]
[demo.acosmin.com/themes/justwrite/tag/tester/feed/index.html]
[demo.acosmin.com/themes/justwrite/2013/index.html]
[demo.acosmin.com/themes/justwrite/tag/teszi/feed/index.html]
[demo.acosmin.com/themes/justwrite/2013/07/index.html]
[demo.acosmin.com/themes/justwrite/2015/page/2/index.html]
[demo.acosmin.com/themes/justwrite/2013/06/index.html]
[demo.acosmin.com/themes/justwrite/2015/page/3/index.html]
[demo.acosmin.com/themes/justwrite/2013/05/index.html]
[demo.acosmin.com/themes/justwrite/2013/page/2/index.html]
[demo.acosmin.com/themes/justwrite/2013/04/index.html]
[demo.acosmin.com/themes/justwrite/2013/07/12/index.html]
[demo.acosmin.com/themes/justwrite/2013/03/index.html]
[demo.acosmin.com/themes/justwrite/2013/06/22/index.html]
[demo.acosmin.com/themes/justwrite/2013/05/15/index.html]
[demo.acosmin.com/themes/justwrite/2013/02/index.html]
[demo.acosmin.com/themes/justwrite/2013/01/index.html]
[demo.acosmin.com/themes/justwrite/2013/04/22/index.html]
[demo.acosmin.com/themes/justwrite/2013/03/13/index.html]
[demo.acosmin.com/themes/justwrite/wp-content/uploads/2015/10/light-car-inside-black-600x400.jpg]
[demo.acosmin.com/themes/justwrite/2012/index.html]
[demo.acosmin.com/themes/justwrite/2013/02/18/index.html]
[demo.acosmin.com/themes/justwrite/2012/11/index.html]
[demo.acosmin.com/themes/justwrite/2013/01/11/index.html]
[demo.acosmin.com/themes/justwrite/2012/10/index.html]
[demo.acosmin.com/themes/justwrite/2012/page/2/index.html]
[demo.acosmin.com/themes/justwrite/2012/09/index.html]
[demo.acosmin.com/themes/justwrite/2012/11/28/index.html]
[demo.acosmin.com/themes/justwrite/2012/10/21/index.html]
[demo.acosmin.com/themes/justwrite/2012/07/index.html]
[demo.acosmin.com/themes/justwrite/2012/05/index.html]
[demo.acosmin.com/themes/justwrite/2012/09/01/index.html]
[demo.acosmin.com/themes/justwrite/2012/04/index.html]
[demo.acosmin.com/themes/justwrite/2012/03/index.html]
[demo.acosmin.com/themes/justwrite/2012/07/21/index.html]
[demo.acosmin.com/themes/justwrite/2012/02/index.html]
[demo.acosmin.com/themes/justwrite/2012/05/13/index.html]
[demo.acosmin.com/themes/justwrite/2012/01/index.html]
[demo.acosmin.com/themes/justwrite/2012/04/11/index.html]
[demo.acosmin.com/themes/justwrite/2012/03/21/index.html]
[demo.acosmin.com/themes/justwrite/2012/02/02/index.html]
[demo.acosmin.com/themes/justwrite/wp-content/uploads/2015/10/photo-1436831135709-48bdc150cce5-600x400.jpg]
[demo.acosmin.com/themes/justwrite/2012/01/14/index.html]
[demo.acosmin.com/themes/justwrite/wp-content/uploads/2015/10/fallow-deer-984573_1920-600x400.jpg]
[demo.acosmin.com/themes/justwrite/2011/index.html]
[demo.acosmin.com/themes/justwrite/2011/11/index.html]
[demo.acosmin.com/themes/justwrite/2011/11/15/index.html]
[demo.acosmin.com/themes/justwrite/2011/page/2/index.html]
[demo.acosmin.com/themes/justwrite/2011/10/index.html]
[demo.acosmin.com/themes/justwrite/2011/09/index.html]
[demo.acosmin.com/themes/justwrite/2011/10/11/index.html]
[demo.acosmin.com/themes/justwrite/2011/06/index.html]
[demo.acosmin.com/themes/justwrite/2011/09/06/index.html]
[demo.acosmin.com/themes/justwrite/2011/05/index.html]
[demo.acosmin.com/themes/justwrite/2011/04/index.html]
[demo.acosmin.com/themes/justwrite/2011/06/16/index.html]
[demo.acosmin.com/themes/justwrite/2011/03/index.html]
[demo.acosmin.com/themes/justwrite/2011/05/21/index.html]
[demo.acosmin.com/themes/justwrite/2011/02/index.html]
[demo.acosmin.com/themes/justwrite/2011/01/index.html]
[demo.acosmin.com/themes/justwrite/2011/04/01/index.html]
[demo.acosmin.com/themes/justwrite/2011/03/12/index.html]
[demo.acosmin.com/themes/justwrite/2010/index.html]
[demo.acosmin.com/themes/justwrite/2011/02/02/index.html]
[demo.acosmin.com/themes/justwrite/2010/11/index.html]
[demo.acosmin.com/themes/justwrite/2011/01/11/index.html]
[demo.acosmin.com/themes/justwrite/2010/10/index.html]
[demo.acosmin.com/themes/justwrite/2010/page/2/index.html]
[demo.acosmin.com/themes/justwrite/2010/page/3/index.html]
[demo.acosmin.com/themes/justwrite/2010/09/index.html]
[demo.acosmin.com/themes/justwrite/2010/08/index.html]
[demo.acosmin.com/themes/justwrite/2010/11/01/index.html]
[demo.acosmin.com/themes/justwrite/2010/07/index.html]
[demo.acosmin.com/themes/justwrite/2010/10/05/index.html]
[demo.acosmin.com/themes/justwrite/2010/06/index.html]
[demo.acosmin.com/themes/justwrite/2010/09/02/index.html]
[demo.acosmin.com/themes/justwrite/2010/08/28/index.html]
[demo.acosmin.com/themes/justwrite/2010/07/01/index.html]
[demo.acosmin.com/themes/justwrite/2010/04/index.html]
[demo.acosmin.com/themes/justwrite/2010/03/index.html]
[demo.acosmin.com/themes/justwrite/2010/02/index.html]
[demo.acosmin.com/themes/justwrite/2010/06/12/index.html]
[demo.acosmin.com/themes/justwrite/2010/01/index.html]
[demo.acosmin.com/themes/justwrite/2010/02/12/index.html]
[demo.acosmin.com/themes/justwrite/2010/03/28/index.html]
[demo.acosmin.com/themes/justwrite/2010/04/12/index.html]
[demo.acosmin.com/themes/justwrite/wp-content/themes/justwrite/owl.video.play.html]
[demo.acosmin.com/themes/justwrite/2010/01/17/index.html]
[demo.acosmin.com/themes/justwrite/wp-content/themes/justwrite/assets/icons/fonts/fontawesome-webfont93e3.svg]
[demo.acosmin.com/themes/justwrite/index5ed0.html]
[demo.acosmin.com/themes/justwrite/index0c93.html]
[demo.acosmin.com/themes/justwrite/indexb5fb.html]
[connect.facebook.net/en_US/all.js]
[demo.acosmin.com/themes/justwrite/index1d24.html]
[demo.acosmin.com/themes/justwrite/widgetized-index/page/2/index.html]
[demo.acosmin.com/themes/justwrite/2010/01/18/index.html]
[demo.acosmin.com/themes/justwrite/widgetized-index/page/9/index.html]
[demo.acosmin.com/themes/justwrite/indexc9bf.html]
[demo.acosmin.com/themes/justwrite/slider-1/page/2/index.html]
[demo.acosmin.com/themes/justwrite/slider-1/page/9/index.html]
[demo.acosmin.com/themes/justwrite/indexec1b.html]
[demo.acosmin.com/themes/justwrite/wp-content/uploads/2015/10/asfz-600x347.jpg]
[demo.acosmin.com/themes/justwrite/wp-content/uploads/2015/10/3765c625-1400x933-600x347.jpg]
[demo.acosmin.com/themes/justwrite/wp-content/uploads/2015/10/bar-926256_1920-600x347.jpg]
[demo.acosmin.com/themes/justwrite/wp-content/uploads/2015/10/bdfb-600x347.jpg]
[demo.acosmin.com/themes/justwrite/wp-content/uploads/2015/10/bmw-918407_1920-600x347.jpg]
[demo.acosmin.com/themes/justwrite/wp-content/uploads/2015/10/city-cars-traffic-lights-600x347.jpg]
[demo.acosmin.com/themes/justwrite/wp-content/uploads/2015/10/bald-eagle-977811-600x347.jpg]
[demo.acosmin.com/themes/justwrite/wp-content/uploads/2015/10/city-man-person-people-600x347.jpg]
[demo.acosmin.com/themes/justwrite/wp-content/uploads/2015/10/b0dd9ca3feba25e12b22c64de894f37f_large-600x347.jpg]
[demo.acosmin.com/themes/justwrite/wp-content/uploads/2015/10/dsafz-600x347.jpg]
[demo.acosmin.com/themes/justwrite/masonry-1/page/2/index.html]
[demo.acosmin.com/themes/justwrite/masonry-1/page/9/index.html]
[demo.acosmin.com/themes/justwrite/indexcaf0.html]
[demo.acosmin.com/themes/justwrite/masonry-2/page/2/index.html]
[demo.acosmin.com/themes/justwrite/masonry-2/page/9/index.html]
[demo.acosmin.com/themes/justwrite/index0261.html]
[demo.acosmin.com/themes/justwrite/categories-2-columns/page/2/index.html]
[demo.acosmin.com/themes/justwrite/categories-2-columns/page/9/index.html]
[demo.acosmin.com/themes/justwrite/indexc3ba.html]
[demo.acosmin.com/themes/justwrite/categories-3-columns/page/2/index.html]
[demo.acosmin.com/themes/justwrite/categories-3-columns/page/9/index.html]
[demo.acosmin.com/themes/justwrite/index9222.html]
[demo.acosmin.com/themes/justwrite/categories-4-columns/page/2/index.html]
[demo.acosmin.com/themes/justwrite/categories-4-columns/page/9/index.html]
[demo.acosmin.com/themes/justwrite/index2023.html]
[demo.acosmin.com/themes/justwrite/advertisng/page/2/index.html]
[demo.acosmin.com/themes/justwrite/advertisng/page/9/index.html]
[demo.acosmin.com/themes/justwrite/index6905.html]
[demo.acosmin.com/themes/justwrite/archives/page/2/index.html]
[demo.acosmin.com/themes/justwrite/archives/page/9/index.html]
[demo.acosmin.com/themes/justwrite/index802e.html]
[demo.acosmin.com/themes/justwrite/social-profiles/page/2/index.html]
[demo.acosmin.com/themes/justwrite/social-profiles/page/9/index.html]
[demo.acosmin.com/themes/justwrite/index0dc6.html]
[demo.acosmin.com/themes/justwrite/popular-posts/page/2/index.html]
[demo.acosmin.com/themes/justwrite/popular-posts/page/9/index.html]
[demo.acosmin.com/themes/justwrite/indexc544.html]
[demo.acosmin.com/themes/justwrite/fonts-1/page/2/index.html]
[demo.acosmin.com/themes/justwrite/fonts-1/page/9/index.html]
[demo.acosmin.com/themes/justwrite/wp-content/themes/justwrite/assets/css/font-style2.css]
[demo.acosmin.com/themes/justwrite/indexd89d.html]
[demo.acosmin.com/themes/justwrite/fonts-2/page/2/index.html]
[demo.acosmin.com/themes/justwrite/fonts-2/page/9/index.html]
[demo.acosmin.com/themes/justwrite/wp-content/themes/justwrite/assets/css/font-style3.css]
[demo.acosmin.com/themes/justwrite/index8fee.html]
[demo.acosmin.com/themes/justwrite/fonts-3/page/2/index.html]
[demo.acosmin.com/themes/justwrite/fonts-3/page/9/index.html]
[demo.acosmin.com/themes/justwrite/wp-content/themes/justwrite/assets/css/font-style4.css]
[demo.acosmin.com/themes/justwrite/indexc61d.html]
[demo.acosmin.com/themes/justwrite/fonts-4/page/2/index.html]
[demo.acosmin.com/themes/justwrite/fonts-4/page/9/index.html]
[demo.acosmin.com/themes/justwrite/index3786.html]
[demo.acosmin.com/themes/justwrite/fonts-5-default/page/2/index.html]
[demo.acosmin.com/themes/justwrite/fonts-5-default/page/9/index.html]
[demo.acosmin.com/themes/justwrite/wp-content/themes/justwrite/assets/css/font-style6.css]
[demo.acosmin.com/themes/justwrite/index67bc.html]
[demo.acosmin.com/themes/justwrite/fonts-6/page/2/index.html]
[demo.acosmin.com/themes/justwrite/fonts-6/page/9/index.html]
[demo.acosmin.com/themes/justwrite/wp-content/themes/justwrite/assets/css/font-style7.css]
[demo.acosmin.com/themes/justwrite/index0776.html]
[demo.acosmin.com/themes/justwrite/fonts-7/page/2/index.html]
[demo.acosmin.com/themes/justwrite/fonts-7/page/9/index.html]
[demo.acosmin.com/themes/justwrite/wp-content/themes/justwrite/assets/css/font-style8.css]
[demo.acosmin.com/themes/justwrite/index7dad.html]
[demo.acosmin.com/themes/justwrite/fonts-8/page/2/index.html]
[demo.acosmin.com/themes/justwrite/fonts-8/page/9/index.html]
[demo.acosmin.com/themes/justwrite/wp-content/themes/justwrite/assets/css/font-style9.css]
[demo.acosmin.com/themes/justwrite/index0b1f.html]
[demo.acosmin.com/themes/justwrite/fonts-9/page/2/index.html]
[demo.acosmin.com/themes/justwrite/fonts-9/page/9/index.html]
[demo.acosmin.com/themes/justwrite/index43fc.html]
[demo.acosmin.com/themes/justwrite/indexfef8.html]
[demo.acosmin.com/themes/justwrite/indexae62.html]
[demo.acosmin.com/themes/justwrite/index0449.html]
[demo.acosmin.com/themes/justwrite/indexa9ab.html]
[demo.acosmin.com/themes/justwrite/index7d3e.html]
[demo.acosmin.com/themes/justwrite/background-image/page/2/index.html]
[demo.acosmin.com/themes/justwrite/background-image/page/9/index.html]
[demo.acosmin.com/themes/justwrite/index63fb.html]
[demo.acosmin.com/themes/justwrite/centered-description/page/2/index.html]
[demo.acosmin.com/themes/justwrite/centered-description/page/9/index.html]
[demo.acosmin.com/themes/justwrite/indexeffc.html]
[demo.acosmin.com/themes/justwrite/align-left-2/page/2/index.html]
[demo.acosmin.com/themes/justwrite/align-left-2/page/9/index.html]
[demo.acosmin.com/themes/justwrite/indexc518.html]
[demo.acosmin.com/themes/justwrite/image-logo/page/2/index.html]
[demo.acosmin.com/themes/justwrite/image-logo/page/9/index.html]
[demo.acosmin.com/themes/justwrite/index3e1b.html]
[demo.acosmin.com/themes/justwrite/728x90px-ad/page/2/index.html]
[demo.acosmin.com/themes/justwrite/728x90px-ad/page/9/index.html]
[demo.acosmin.com/themes/justwrite/indexf604.html]
[demo.acosmin.com/themes/justwrite/featured-posts-slider/page/2/index.html]
[demo.acosmin.com/themes/justwrite/featured-posts-slider/page/9/index.html]
[demo.acosmin.com/themes/justwrite/index2af5.html]
[demo.acosmin.com/themes/justwrite/align-left/page/2/index.html]
[demo.acosmin.com/themes/justwrite/align-left/page/9/index.html]
[demo.acosmin.com/themes/justwrite/indexe2aa.html]
[demo.acosmin.com/themes/justwrite/no-thumbnail/page/2/index.html]
[demo.acosmin.com/themes/justwrite/no-thumbnail/page/9/index.html]
[demo.acosmin.com/themes/justwrite/index71fc.html]
[demo.acosmin.com/themes/justwrite/morphing-point/page/2/index.html]
[demo.acosmin.com/themes/justwrite/morphing-point/page/9/index.html]
[demo.acosmin.com/themes/justwrite/index8a7d.html]
[demo.acosmin.com/themes/justwrite/fixed-menu/page/2/index.html]
[demo.acosmin.com/themes/justwrite/fixed-menu/page/9/index.html]
[demo.acosmin.com/themes/justwrite/indexdd01.html]
[demo.acosmin.com/themes/justwrite/mini-sidebar/page/2/index.html]
[demo.acosmin.com/themes/justwrite/mini-sidebar/page/9/index.html]
[demo.acosmin.com/themes/justwrite/index2915.html]
[demo.acosmin.com/themes/justwrite/footer-widgets/page/2/index.html]
[demo.acosmin.com/themes/justwrite/footer-widgets/page/9/index.html]
[demo.acosmin.com/themes/justwrite/index17d3.html]
[demo.acosmin.com/themes/justwrite/index/page/2/index.html]
[demo.acosmin.com/themes/justwrite/index/page/9/index.html]
[demo.acosmin.com/themes/justwrite/index9d87.html]
[demo.acosmin.com/D_justwrite/wp-content/uploads/2015/07/asfz-300x200.html]
[demo.acosmin.com/themes/justwrite/indexd526.html]
[demo.acosmin.com/themes/justwrite/category/uncategorized/index.html]
[demo.acosmin.com/themes/justwrite/category/uncategorized/feed/index.html]
[demo.acosmin.com/themes/justwrite/wp-json/oembed/1.0/embed7b26.json]
[demo.acosmin.com/themes/justwrite/this-is-a-post-with-a-billboard-parallax-layout-selected-as-default/feed/index.html]
[demo.acosmin.com/themes/justwrite/wp-json/oembed/1.0/embed9675]
[demo.acosmin.com/themes/justwrite/this-is-a-post-with-a-billboard-parallax-layout-selected-as-default/index.html]
[demo.acosmin.com/themes/justwrite/index6b92.html]
[demo.acosmin.com/themes/justwrite/wp-json/oembed/1.0/embedb117.json]
[demo.acosmin.com/themes/justwrite/parents-complain-over-teachers-bodybuilding-pictures/feed/index.html]
[demo.acosmin.com/themes/justwrite/wp-json/oembed/1.0/embed8380]
[demo.acosmin.com/themes/justwrite/wp-content/uploads/2015/10/woman-918787_1920-638x368.jpg]
[demo.acosmin.com/themes/justwrite/parents-complain-over-teachers-bodybuilding-pictures/index.html]
[demo.acosmin.com/themes/justwrite/wp-json/oembed/1.0/embed25ef.json]
[demo.acosmin.com/themes/justwrite/u-s-weighing-direct-action-on-the-ground-in-iraq/feed/index.html]
[demo.acosmin.com/themes/justwrite/wp-json/oembed/1.0/embed24b4]
[demo.acosmin.com/themes/justwrite/wp-content/uploads/2015/10/wqrzs-638x368.jpg]
[demo.acosmin.com/themes/justwrite/u-s-weighing-direct-action-on-the-ground-in-iraq/index.html]
[demo.acosmin.com/themes/justwrite/category/business/page/2/index.html]
[demo.acosmin.com/themes/justwrite/index40a0.html]
[demo.acosmin.com/themes/justwrite/index4837.html]
[demo.acosmin.com/themes/justwrite/new-section-widgets-in-a-1-2-3-paginated-post/2/index.html]
[demo.acosmin.com/themes/justwrite/new-section-widgets-in-a-1-2-3-paginated-post/3/index.html]
[demo.acosmin.com/themes/justwrite/wp-json/oembed/1.0/embedc3e1.json]
[demo.acosmin.com/themes/justwrite/routine-listen-to-the-most-frustrated-americans-of-all/feed/index.html]
[demo.acosmin.com/themes/justwrite/wp-json/oembed/1.0/embedd81f]
[demo.acosmin.com/themes/justwrite/wp-content/uploads/2015/10/fsdhx-638x368.jpg]
[demo.acosmin.com/themes/justwrite/routine-listen-to-the-most-frustrated-americans-of-all/index.html]
[demo.acosmin.com/themes/justwrite/wp-json/oembed/1.0/embedc61e.json]
[demo.acosmin.com/themes/justwrite/driven-to-death-by-phone-scammers/feed/index.html]
[demo.acosmin.com/themes/justwrite/wp-json/oembed/1.0/embed21f8]
[demo.acosmin.com/themes/justwrite/wp-content/uploads/2015/10/guy-923841_1920-638x368.jpg]
[demo.acosmin.com/themes/justwrite/driven-to-death-by-phone-scammers/index.html]
[demo.acosmin.com/themes/justwrite/category/politics/page/2/index.html]
[demo.acosmin.com/themes/justwrite/index3c55.html]
[demo.acosmin.com/themes/justwrite/wp-json/oembed/1.0/embed0198.json]
[demo.acosmin.com/themes/justwrite/how-do-gay-rights-look-in-your-country/feed/index.html]
[demo.acosmin.com/themes/justwrite/wp-json/oembed/1.0/embed4254]
[demo.acosmin.com/themes/justwrite/how-do-gay-rights-look-in-your-country/index.html]
[demo.acosmin.com/themes/justwrite/wp-json/oembed/1.0/embed56b6.json]
[demo.acosmin.com/themes/justwrite/how-fifa-hid-a-most-pernicious-evil/feed/index.html]
[demo.acosmin.com/themes/justwrite/wp-json/oembed/1.0/embed66bc]
[demo.acosmin.com/themes/justwrite/wp-content/uploads/2015/10/eqwtdz-638x368.jpg]
[demo.acosmin.com/themes/justwrite/how-fifa-hid-a-most-pernicious-evil/index.html]
[demo.acosmin.com/themes/justwrite/category/technology/page/2/index.html]
[demo.acosmin.com/themes/justwrite/index3ba0.html]
[demo.acosmin.com/themes/justwrite/nested-comments-all-around-us-examples/index0e22.html]
[demo.acosmin.com/themes/justwrite/nested-comments-all-around-us-examples/index3094.html]
[demo.acosmin.com/themes/justwrite/nested-comments-all-around-us-examples/index267f.html]
[demo.acosmin.com/themes/justwrite/nested-comments-all-around-us-examples/index21b4.html]
[demo.acosmin.com/themes/justwrite/nested-comments-all-around-us-examples/index41b7.html]
[demo.acosmin.com/themes/justwrite/nested-comments-all-around-us-examples/index94a5.html]
[demo.acosmin.com/themes/justwrite/nested-comments-all-around-us-examples/indexfc06.html]
[demo.acosmin.com/themes/justwrite/nested-comments-all-around-us-examples/index8e42.html]
[demo.acosmin.com/themes/justwrite/wp-json/oembed/1.0/embeda955.json]
[demo.acosmin.com/themes/justwrite/senate-advances-defense-bill-despite-veto-threat/feed/index.html]
[demo.acosmin.com/themes/justwrite/wp-json/oembed/1.0/embedffcb]
[demo.acosmin.com/themes/justwrite/wp-content/uploads/2015/10/startup-photos-638x368.jpg]
[demo.acosmin.com/themes/justwrite/senate-advances-defense-bill-despite-veto-threat/index.html]
[demo.acosmin.com/themes/justwrite/wp-json/oembed/1.0/embed9c3e.json]
[demo.acosmin.com/themes/justwrite/technology-keen-eyes-hope-on-coast-guard-search-flight/feed/index.html]
[demo.acosmin.com/themes/justwrite/wp-json/oembed/1.0/embedc6fa]
[demo.acosmin.com/themes/justwrite/wp-content/uploads/2015/10/trhcf-638x368.jpg]
[demo.acosmin.com/themes/justwrite/technology-keen-eyes-hope-on-coast-guard-search-flight/index.html]
[demo.acosmin.com/themes/justwrite/category/entertainment/page/2/index.html]
[demo.acosmin.com/themes/justwrite/index8bc8.html]
[demo.acosmin.com/themes/justwrite/type/video/index.html]
[demo.acosmin.com/themes/justwrite/boehner-hypercuts-himself-on-isis-comments/index6944.html]
[demo.acosmin.com/themes/justwrite/boehner-hypercuts-himself-on-isis-comments/indexa858.html]
[demo.acosmin.com/themes/justwrite/boehner-hypercuts-himself-on-isis-comments/index04d3.html]
[demo.acosmin.com/themes/justwrite/index261b.html]
[demo.acosmin.com/themes/justwrite/indexf45e.html]
[demo.acosmin.com/themes/justwrite/type/audio/index.html]
[demo.acosmin.com/themes/justwrite/type/video/feed/index.html]
[demo.acosmin.com/themes/justwrite/wp-includes/js/mediaelement/bigplay.png]
[demo.acosmin.com/themes/justwrite/wp-includes/js/mediaelement/background.png]
[demo.acosmin.com/themes/justwrite/type/audio/feed/index.html]
[demo.acosmin.com/themes/justwrite/wp-includes/js/mediaelement/loading.gif]
[demo.acosmin.com/themes/justwrite/wp-includes/js/mediaelement/controls.png]
[demo.acosmin.com/themes/justwrite/wp-includes/js/mediaelement/jumpforward.png]
[demo.acosmin.com/themes/justwrite/wp-includes/js/mediaelement/skipback.png]
[demo.acosmin.com/themes/justwrite/wp-includes/js/mediaelement/mediaelementplayer.mineb0c.css]
[demo.acosmin.com/themes/justwrite/wp-includes/js/mediaelement/wp-mediaelement.mine539.css]
[demo.acosmin.com/themes/justwrite/index5a6a.html]
[demo.acosmin.com/themes/justwrite/type/image/index.html]
[demo.acosmin.com/D_justwrite/wp-content/uploads/2015/07/asfz.html]
[demo.acosmin.com/D_justwrite/wp-content/uploads/2015/07/asfz-1024x683.html]
[demo.acosmin.com/themes/justwrite/indexc8fa.html]
[demo.acosmin.com/themes/justwrite/type/gallery/index.html]
[demo.acosmin.com/themes/justwrite/type/image/feed/index.html]
[demo.acosmin.com/themes/justwrite/type/gallery/feed/index.html]
[demo.acosmin.com/themes/justwrite/wp-json/oembed/1.0/embedc43e.json]
[demo.acosmin.com/themes/justwrite/marco-rubio-defends-police-against-hostile-rhetoric/feed/index.html]
[demo.acosmin.com/themes/justwrite/wp-json/oembed/1.0/embed9ac3]
[demo.acosmin.com/themes/justwrite/wp-content/uploads/2015/10/PHOTO_SharkTank-group2013-638x368.jpg]
[demo.acosmin.com/themes/justwrite/marco-rubio-defends-police-against-hostile-rhetoric/index.html]
[demo.acosmin.com/themes/justwrite/house-republicans-move-to-impeach-irs-head/feed/index.html]
[demo.acosmin.com/themes/justwrite/wp-json/oembed/1.0/embedf9f8.json]
[demo.acosmin.com/themes/justwrite/wp-json/oembed/1.0/embede335]
[demo.acosmin.com/themes/justwrite/wp-content/uploads/2015/10/photo-1436262513933-a0b06755c784-638x368.jpg]
[demo.acosmin.com/themes/justwrite/house-republicans-move-to-impeach-irs-head/index.html]
[demo.acosmin.com/themes/justwrite/category/opinions/page/2/index.html]
[demo.acosmin.com/themes/justwrite/wp-json/oembed/1.0/embed50f7.json]
[demo.acosmin.com/themes/justwrite/graham-on-the-undercard-debate-i-think-it-sucks/feed/index.html]
[demo.acosmin.com/themes/justwrite/wp-json/oembed/1.0/embed347f]
[demo.acosmin.com/themes/justwrite/wp-content/uploads/2015/10/light-car-inside-black-638x368.jpg]
[demo.acosmin.com/themes/justwrite/graham-on-the-undercard-debate-i-think-it-sucks/index.html]
[demo.acosmin.com/themes/justwrite/indexb4d2.html]
[demo.acosmin.com/themes/justwrite/author/demoadmin/page/2/index.html]
[demo.acosmin.com/themes/justwrite/author/demoadmin/page/11/index.html]
[demo.acosmin.com/themes/justwrite/index60d6.html]
[demo.acosmin.com/themes/justwrite/index86fa.html]
[demo.acosmin.com/themes/justwrite/indexc5eb.html]
[demo.acosmin.com/themes/justwrite/behind-the-scenes-with-commander-of-special-ops/feed/index.html]
[demo.acosmin.com/themes/justwrite/wp-json/oembed/1.0/embedad99.json]
[demo.acosmin.com/themes/justwrite/author/demoadmin/page/3/index.html]
[demo.acosmin.com/themes/justwrite/author/demoadmin/page/10/index.html]
[demo.acosmin.com/themes/justwrite/wp-json/oembed/1.0/embedb252]
[demo.acosmin.com/themes/justwrite/wp-content/uploads/2015/10/tumblr_nvuozdlwzm1sfie3io1_1280-638x368.jpg]
[demo.acosmin.com/themes/justwrite/behind-the-scenes-with-commander-of-special-ops/index.html]
[demo.acosmin.com/themes/justwrite/index3f5a.html]
[demo.acosmin.com/themes/justwrite/wp-json/oembed/1.0/embedde4d.json]
[demo.acosmin.com/themes/justwrite/presidential-places-reagans-ranch-in-the-sky/feed/index.html]
[demo.acosmin.com/themes/justwrite/presidential-places-reagans-ranch-in-the-sky/index.html]
[demo.acosmin.com/themes/justwrite/wp-json/oembed/1.0/embedeb0e]
[demo.acosmin.com/themes/justwrite/wp-json/oembed/1.0/embed924e.json]
[demo.acosmin.com/themes/justwrite/the-best-of-donald-trump-vs-jeb-bush/feed/index.html]
[demo.acosmin.com/themes/justwrite/wp-json/oembed/1.0/embedb28d]
[demo.acosmin.com/themes/justwrite/wp-content/uploads/2015/10/rgqwyur-638x368.jpg]
[demo.acosmin.com/themes/justwrite/the-best-of-donald-trump-vs-jeb-bush/index.html]
[demo.acosmin.com/themes/justwrite/category/markets/page/2/index.html]
[demo.acosmin.com/themes/justwrite/wp-json/oembed/1.0/embed79e2.json]
[demo.acosmin.com/themes/justwrite/six-things-to-watch-at-the-republican-debate/feed/index.html]
[demo.acosmin.com/themes/justwrite/wp-json/oembed/1.0/embed7b6d]
[demo.acosmin.com/themes/justwrite/wp-content/uploads/2015/10/photo-1436831135709-48bdc150cce5-638x368.jpg]
[demo.acosmin.com/themes/justwrite/six-things-to-watch-at-the-republican-debate/index.html]
[demo.acosmin.com/themes/justwrite/index9751.html]
[demo.acosmin.com/themes/justwrite/wp-json/oembed/1.0/embed0660.json]
[demo.acosmin.com/themes/justwrite/he-got-to-witness-the-longest-day/feed/index.html]
[demo.acosmin.com/themes/justwrite/wp-json/oembed/1.0/embedc7bc]
[demo.acosmin.com/themes/justwrite/wp-content/uploads/2015/10/fallow-deer-984573_1920-638x368.jpg]
[demo.acosmin.com/themes/justwrite/he-got-to-witness-the-longest-day/index.html]
[demo.acosmin.com/themes/justwrite/index5070.html]
[demo.acosmin.com/themes/justwrite/indexb8c4.html]
[demo.acosmin.com/themes/justwrite/index2fa7.html]
[demo.acosmin.com/themes/justwrite/indexb950.html]
[demo.acosmin.com/themes/justwrite/index5791.html]
[demo.acosmin.com/themes/justwrite/wp-json/oembed/1.0/embed7d0a.json]
[demo.acosmin.com/themes/justwrite/the-political-sensibility-of-saul-williams/feed/index.html]
[demo.acosmin.com/themes/justwrite/wp-json/oembed/1.0/embeddc29]
[demo.acosmin.com/themes/justwrite/wp-content/uploads/2015/10/rnzjfas-638x368.jpg]
[demo.acosmin.com/themes/justwrite/the-political-sensibility-of-saul-williams/index.html]
[demo.acosmin.com/themes/justwrite/index30a5.html]
[demo.acosmin.com/themes/justwrite/index8820.html]
[demo.acosmin.com/themes/justwrite/index5e74.html]
[demo.acosmin.com/themes/justwrite/indexada0.html]
[demo.acosmin.com/themes/justwrite/index3440.html]
[demo.acosmin.com/themes/justwrite/index0325.html]
[demo.acosmin.com/themes/justwrite/miners-with-lung-disease-get-help-at-china-facility/indexfa40.html]
[demo.acosmin.com/themes/justwrite/miners-with-lung-disease-get-help-at-china-facility/index360b.html]
[demo.acosmin.com/themes/justwrite/indexf4d1.html]
[demo.acosmin.com/themes/justwrite/indexe8f5.html]
[demo.acosmin.com/themes/justwrite/index7c2c.html]
[demo.acosmin.com/themes/justwrite/indexccf8.html]
[demo.acosmin.com/themes/justwrite/2015/10/28/index.html]
[demo.acosmin.com/themes/justwrite/2015/09/14/index.html]
[demo.acosmin.com/themes/justwrite/2015/08/03/index.html]
[demo.acosmin.com/themes/justwrite/2015/07/28/index.html]
[demo.acosmin.com/themes/justwrite/2015/06/18/index.html]
[demo.acosmin.com/themes/justwrite/2015/05/23/index.html]
[demo.acosmin.com/themes/justwrite/2015/05/26/index.html]
[demo.acosmin.com/themes/justwrite/2015/05/30/index.html]
[demo.acosmin.com/themes/justwrite/2015/04/14/index.html]
[demo.acosmin.com/themes/justwrite/2015/03/25/index.html]
[demo.acosmin.com/themes/justwrite/2015/02/12/index.html]
[demo.acosmin.com/themes/justwrite/2015/01/15/index.html]
[demo.acosmin.com/themes/justwrite/2013/11/26/index.html]
[demo.acosmin.com/themes/justwrite/2013/08/25/index.html]
[demo.acosmin.com/themes/justwrite/page/3/index.html]
[demo.acosmin.com/themes/justwrite/page/10/index.html]
[demo.acosmin.com/themes/justwrite/poets-to-get-99-lashes-for-handshakes/feed/index.html]
[demo.acosmin.com/themes/justwrite/wp-json/oembed/1.0/embed8406.json]
[demo.acosmin.com/themes/justwrite/page/4/index.html]
[demo.acosmin.com/themes/justwrite/page/9/index.html]
[demo.acosmin.com/themes/justwrite/wp-json/oembed/1.0/embedfb51]
[demo.acosmin.com/themes/justwrite/poets-to-get-99-lashes-for-handshakes/index.html]
[demo.acosmin.com/themes/justwrite/tag/comments/feed/index.html]
[demo.acosmin.com/themes/justwrite/2015/page/2/index.html]
[demo.acosmin.com/themes/justwrite/2015/page/3/index.html]
[demo.acosmin.com/themes/justwrite/2013/page/2/index.html]
[demo.acosmin.com/themes/justwrite/2013/07/12/index.html]
[demo.acosmin.com/themes/justwrite/2013/06/22/index.html]
[demo.acosmin.com/themes/justwrite/2013/05/15/index.html]
[demo.acosmin.com/themes/justwrite/2013/04/22/index.html]
[demo.acosmin.com/themes/justwrite/2013/03/13/index.html]
[demo.acosmin.com/themes/justwrite/2013/02/18/index.html]
[demo.acosmin.com/themes/justwrite/2013/01/11/index.html]
[demo.acosmin.com/themes/justwrite/tag/feed/index.html]
[demo.acosmin.com/themes/justwrite/2012/page/2/index.html]
[demo.acosmin.com/themes/justwrite/2012/11/28/index.html]
[demo.acosmin.com/themes/justwrite/2012/10/21/index.html]
[demo.acosmin.com/themes/justwrite/2012/09/01/index.html]
[demo.acosmin.com/themes/justwrite/2012/07/21/index.html]
[demo.acosmin.com/themes/justwrite/2012/05/13/index.html]
[demo.acosmin.com/themes/justwrite/2012/04/11/index.html]
[demo.acosmin.com/themes/justwrite/2012/03/21/index.html]
[demo.acosmin.com/themes/justwrite/2012/02/02/index.html]
[demo.acosmin.com/themes/justwrite/2012/01/14/index.html]
[demo.acosmin.com/themes/justwrite/2011/page/2/index.html]
[demo.acosmin.com/themes/justwrite/2011/11/15/index.html]
[demo.acosmin.com/themes/justwrite/2011/10/11/index.html]
[demo.acosmin.com/themes/justwrite/2011/09/06/index.html]
[demo.acosmin.com/themes/justwrite/2011/06/16/index.html]
[demo.acosmin.com/themes/justwrite/2011/05/21/index.html]
[demo.acosmin.com/themes/justwrite/2011/04/01/index.html]
[demo.acosmin.com/themes/justwrite/2011/03/12/index.html]
[demo.acosmin.com/themes/justwrite/2011/02/02/index.html]
[demo.acosmin.com/themes/justwrite/2011/01/11/index.html]
[demo.acosmin.com/themes/justwrite/2010/page/2/index.html]
[demo.acosmin.com/themes/justwrite/2010/page/3/index.html]
[demo.acosmin.com/themes/justwrite/2010/11/01/index.html]
[demo.acosmin.com/themes/justwrite/2010/10/05/index.html]
[demo.acosmin.com/themes/justwrite/2010/09/02/index.html]
[demo.acosmin.com/themes/justwrite/2010/08/28/index.html]
[demo.acosmin.com/themes/justwrite/2010/07/01/index.html]
[demo.acosmin.com/themes/justwrite/2010/06/12/index.html]
[demo.acosmin.com/themes/justwrite/2010/04/12/index.html]
[demo.acosmin.com/themes/justwrite/2010/03/28/index.html]
[demo.acosmin.com/themes/justwrite/2010/02/12/index.html]
[demo.acosmin.com/themes/justwrite/2010/01/17/index.html]
[demo.acosmin.com/themes/justwrite/2010/01/18/index.html]
[demo.acosmin.com/themes/justwrite/index7ab1.html]
[demo.acosmin.com/themes/justwrite/indexb6ad.html]
[demo.acosmin.com/themes/justwrite/index6f72.html]
[demo.acosmin.com/themes/justwrite/indexbe3b.html]
[demo.acosmin.com/themes/justwrite/indexdc22.html]
[demo.acosmin.com/themes/justwrite/index43b2.html]
[demo.acosmin.com/themes/justwrite/indexd7d8.html]
[demo.acosmin.com/themes/justwrite/index5f87.html]
[demo.acosmin.com/themes/justwrite/index5a24.html]
[demo.acosmin.com/themes/justwrite/wp-includes/js/mediaelement/bigplay.svg]
[demo.acosmin.com/themes/justwrite/wp-includes/js/mediaelement/controls.svg]
[demo.acosmin.com/themes/justwrite/index9c49.html]
[demo.acosmin.com/themes/justwrite/indexd52d.html]
[demo.acosmin.com/themes/justwrite/index269b.html]
[demo.acosmin.com/themes/justwrite/author/demoadmin/page/3/index.html]
[demo.acosmin.com/themes/justwrite/author/demoadmin/page/10/index.html]
[demo.acosmin.com/themes/justwrite/indexea0f.html]
[demo.acosmin.com/themes/justwrite/index2c90.html]
[demo.acosmin.com/themes/justwrite/indexdb4e.html]
[demo.acosmin.com/themes/justwrite/index1c00.html]
[demo.acosmin.com/themes/justwrite/indexe539.html]
[demo.acosmin.com/themes/justwrite/indexd78c.html]
[demo.acosmin.com/themes/justwrite/page/4/index.html]
[demo.acosmin.com/themes/justwrite/page/9/index.html]
[demo.acosmin.com/themes/justwrite/author/demoadmin/page/9/index.html]
[demo.acosmin.com/themes/justwrite/index65d2.html]
[demo.acosmin.com/themes/justwrite/tag/feed/index.html]
[demo.acosmin.com/themes/justwrite/author/demoadmin/page/4/index.html]
[demo.acosmin.com/themes/justwrite/author/demoadmin/page/4/index.html]
[demo.acosmin.com/themes/justwrite/author/demoadmin/page/9/index.html]
[demo.acosmin.com/themes/justwrite/page/5/index.html]
[demo.acosmin.com/themes/justwrite/page/8/index.html]
[demo.acosmin.com/themes/justwrite/page/5/index.html]
[demo.acosmin.com/themes/justwrite/page/8/index.html]
[demo.acosmin.com/themes/justwrite/author/demoadmin/page/8/index.html]
[demo.acosmin.com/themes/justwrite/author/demoadmin/page/5/index.html]
[demo.acosmin.com/themes/justwrite/page/6/index.html]
[demo.acosmin.com/themes/justwrite/author/demoadmin/page/5/index.html]
[demo.acosmin.com/themes/justwrite/author/demoadmin/page/8/index.html]
[demo.acosmin.com/themes/justwrite/page/6/index.html]
[demo.acosmin.com/themes/justwrite/page/7/index.html]
[demo.acosmin.com/themes/justwrite/page/7/index.html]
[demo.acosmin.com/themes/justwrite/author/demoadmin/page/6/index.html]
[demo.acosmin.com/themes/justwrite/author/demoadmin/page/6/index.html]
[demo.acosmin.com/themes/justwrite/author/demoadmin/page/7/index.html]
[demo.acosmin.com/themes/justwrite/author/demoadmin/page/7/index.html]
